Component: ARM Compiler 5.06 update 6 (build 750) Tool: armlink [4d35ed]

==============================================================================

Section Cross References

    startup_hw32l003.o(RESET) refers to startup_hw32l003.o(STACK) for __initial_sp
    startup_hw32l003.o(RESET) refers to startup_hw32l003.o(.text) for Reset_Handler
    startup_hw32l003.o(RESET) refers to mculib_gpio.o(i.SysTick_Handler) for SysTick_Handler
    startup_hw32l003.o(RESET) refers to mculib_uart.o(i.UART1_IRQHandler) for UART1_IRQHandler
    startup_hw32l003.o(RESET) refers to mculib_timer.o(i.TIM11_IRQHandler) for TIM11_IRQHandler
    startup_hw32l003.o(.text) refers to system_hw32l003.o(i.SystemInit) for SystemInit
    startup_hw32l003.o(.text) refers to entry.o(.ARM.Collect$$$$00000000) for __main
    system_hw32l003.o(i.SystemCoreClockUpdate) refers to uidiv.o(.text) for __aeabi_uidivmod
    system_hw32l003.o(i.SystemCoreClockUpdate) refers to system_hw32l003.o(.data) for SystemCoreClock
    hw32l003_hal_gpio.o(i.HAL_GPIO_EXTI_IRQHandler) refers to hw32l003_hal_gpio.o(i.HAL_GPIO_EXTI_Callback) for HAL_GPIO_EXTI_Callback
    hw32l003_hal_uart.o(i.HAL_UART_IRQHandler) refers to hw32l003_hal_uart.o(i.UART_Receive_IT) for UART_Receive_IT
    hw32l003_hal_uart.o(i.HAL_UART_IRQHandler) refers to hw32l003_hal_uart.o(i.HAL_UART_ErrorCallback) for HAL_UART_ErrorCallback
    hw32l003_hal_uart.o(i.HAL_UART_IRQHandler) refers to hw32l003_hal_uart.o(i.UART_Transmit_IT) for UART_Transmit_IT
    hw32l003_hal_uart.o(i.HAL_UART_Init) refers to hw32l003_hal_uart.o(i.UART_SetConfig) for UART_SetConfig
    hw32l003_hal_uart.o(i.HAL_UART_Transmit) refers to hw32l003_hal.o(i.HAL_GetTick) for HAL_GetTick
    hw32l003_hal_uart.o(i.HAL_UART_Transmit) refers to hw32l003_hal_uart.o(i.UART_WaitOnFlagUntilTimeout) for UART_WaitOnFlagUntilTimeout
    hw32l003_hal_uart.o(i.HAL_UART_Transmit) refers to hw32l003_hal_uart.o(.constdata) for ParityTable256
    hw32l003_hal_uart.o(i.UART_Receive_IT) refers to mculib_uart.o(i.HAL_UART_RxCpltCallback) for HAL_UART_RxCpltCallback
    hw32l003_hal_uart.o(i.UART_Receive_IT) refers to hw32l003_hal_uart.o(.constdata) for ParityTable256
    hw32l003_hal_uart.o(i.UART_SetConfig) refers to uidiv.o(.text) for __aeabi_uidivmod
    hw32l003_hal_uart.o(i.UART_SetConfig) refers to system_hw32l003.o(.data) for SystemCoreClock
    hw32l003_hal_uart.o(i.UART_Transmit_IT) refers to hw32l003_hal_uart.o(i.HAL_UART_TxCpltCallback) for HAL_UART_TxCpltCallback
    hw32l003_hal_uart.o(i.UART_Transmit_IT) refers to hw32l003_hal_uart.o(.constdata) for ParityTable256
    hw32l003_hal_uart.o(i.UART_WaitOnFlagUntilTimeout) refers to hw32l003_hal.o(i.HAL_GetTick) for HAL_GetTick
    hw32l003_hal_flash.o(i.FLASH_MassErase) refers to hw32l003_hal_flash.o(.bss) for pFlash
    hw32l003_hal_flash.o(i.FLASH_PageErase) refers to hw32l003_hal_flash.o(.bss) for pFlash
    hw32l003_hal_flash.o(i.FLASH_Program_Byte) refers to hw32l003_hal_flash.o(.bss) for pFlash
    hw32l003_hal_flash.o(i.FLASH_SetErrorCode) refers to hw32l003_hal_flash.o(.bss) for pFlash
    hw32l003_hal_flash.o(i.FLASH_WaitForLastOperation) refers to hw32l003_hal.o(i.HAL_GetTick) for HAL_GetTick
    hw32l003_hal_flash.o(i.HAL_FLASH_Erase) refers to hw32l003_hal_flash.o(i.FLASH_WaitForLastOperation) for FLASH_WaitForLastOperation
    hw32l003_hal_flash.o(i.HAL_FLASH_Erase) refers to hw32l003_hal_flash.o(i.HAL_FLASH_OPERATION_Unlock) for HAL_FLASH_OPERATION_Unlock
    hw32l003_hal_flash.o(i.HAL_FLASH_Erase) refers to hw32l003_hal_flash.o(i.FLASH_MassErase) for FLASH_MassErase
    hw32l003_hal_flash.o(i.HAL_FLASH_Erase) refers to hw32l003_hal_flash.o(i.HAL_FLASH_OPERATION_Lock) for HAL_FLASH_OPERATION_Lock
    hw32l003_hal_flash.o(i.HAL_FLASH_Erase) refers to hw32l003_hal_flash.o(i.FLASH_PageErase) for FLASH_PageErase
    hw32l003_hal_flash.o(i.HAL_FLASH_Erase) refers to hw32l003_hal_flash.o(.bss) for pFlash
    hw32l003_hal_flash.o(i.HAL_FLASH_GetError) refers to hw32l003_hal_flash.o(.bss) for pFlash
    hw32l003_hal_flash.o(i.HAL_FLASH_IRQHandler) refers to hw32l003_hal_flash.o(i.FLASH_SetErrorCode) for FLASH_SetErrorCode
    hw32l003_hal_flash.o(i.HAL_FLASH_IRQHandler) refers to hw32l003_hal_flash.o(i.HAL_FLASH_OperationErrorCallback) for HAL_FLASH_OperationErrorCallback
    hw32l003_hal_flash.o(i.HAL_FLASH_IRQHandler) refers to hw32l003_hal_flash.o(.bss) for pFlash
    hw32l003_hal_flash.o(i.HAL_FLASH_Program) refers to hw32l003_hal_flash.o(i.FLASH_WaitForLastOperation) for FLASH_WaitForLastOperation
    hw32l003_hal_flash.o(i.HAL_FLASH_Program) refers to hw32l003_hal_flash.o(i.HAL_FLASH_OPERATION_Unlock) for HAL_FLASH_OPERATION_Unlock
    hw32l003_hal_flash.o(i.HAL_FLASH_Program) refers to llushr.o(.text) for __aeabi_llsr
    hw32l003_hal_flash.o(i.HAL_FLASH_Program) refers to hw32l003_hal_flash.o(i.FLASH_Program_Byte) for FLASH_Program_Byte
[...]
    buffer_in                                0x200000fc   Data          10  mculib_uart.o(.bss)
    buffer_out                               0x20000106   Data          50  mculib_uart.o(.bss)
    .bss                                     0x2000016c   Section       12  mculib_iap.o(.bss)
    sFlashEraseInit                          0x2000016c   Data          12  mculib_iap.o(.bss)
    .bss                                     0x20000178   Section      684  main.o(.bss)
    sFlashEraseInit                          0x20000178   Data          12  main.o(.bss)
    g_st_hdmi_in_timing                      0x20000184   Data          22  main.o(.bss)
    g_st_hdmi_timing                         0x2000019a   Data          18  main.o(.bss)
    g_st_hdmi_edid_flag                      0x200001ac   Data         120  main.o(.bss)
    g_u8_sys_edid_used_buf                   0x20000224   Data         256  main.o(.bss)
    g_u8_sys_edid_buf                        0x20000324   Data         256  main.o(.bss)
    .bss                                     0x20000424   Section       32  ms933x_drv_hdmi_tx.o(.bss)
    arrInfoFrameBuffer                       0x20000424   Data          32  ms933x_drv_hdmi_tx.o(.bss)
    STACK                                    0x20000448   Section      512  startup_hw32l003.o(STACK)

    Global Symbols

    Symbol Name                              Value     Ov Type        Size  Object(Section)

    BuildAttributes$$THM_ISAv3M$S$PE$A:L22$X:L11$S22$IEEE1$IW$USESV6$~STKCKD$USESV7$~SHL$OTIME$ROPI$EBA8$MICROLIB$REQ8$PRES8$EABIv2 0x00000000   Number         0  anon$$obj.o ABSOLUTE
    __ARM_use_no_argv                        0x00000000   Number         0  main.o ABSOLUTE
    __Vectors                                0x00000000   Data           4  startup_hw32l003.o(RESET)
    _printf_a                                0x00000000   Number         0  stubs.o ABSOLUTE
    _printf_c                                0x00000000   Number         0  stubs.o ABSOLUTE
    _printf_charcount                        0x00000000   Number         0  stubs.o ABSOLUTE
    _printf_d                                0x00000000   Number         0  stubs.o ABSOLUTE
    _printf_e                                0x00000000   Number         0  stubs.o ABSOLUTE
    _printf_f                                0x00000000   Number         0  stubs.o ABSOLUTE
    _printf_flags                            0x00000000   Number         0  stubs.o ABSOLUTE
    _printf_fp_dec                           0x00000000   Number         0  stubs.o ABSOLUTE
    _printf_fp_hex                           0x00000000   Number         0  stubs.o ABSOLUTE
    _printf_g                                0x00000000   Number         0  stubs.o ABSOLUTE
    _printf_i                                0x00000000   Number         0  stubs.o ABSOLUTE
    _printf_int_dec                          0x00000000   Number         0  stubs.o ABSOLUTE
    _printf_l                                0x00000000   Number         0  stubs.o ABSOLUTE
    _printf_lc                               0x00000000   Number         0  stubs.o ABSOLUTE
    _printf_ll                               0x00000000   Number         0  stubs.o ABSOLUTE
    _printf_lld                              0x00000000   Number         0  stubs.o ABSOLUTE
    _printf_lli                              0x00000000   Number         0  stubs.o ABSOLUTE
    _printf_llo                              0x00000000   Number         0  stubs.o ABSOLUTE
    _printf_llu                              0x00000000   Number         0  stubs.o ABSOLUTE
    _printf_llx                              0x00000000   Number         0  stubs.o ABSOLUTE
    _printf_longlong_dec                     0x00000000   Number         0  stubs.o ABSOLUTE
    _printf_longlong_hex                     0x00000000   Number         0  stubs.o ABSOLUTE
    _printf_longlong_oct                     0x00000000   Number         0  stubs.o ABSOLUTE
    _printf_ls                               0x00000000   Number         0  stubs.o ABSOLUTE
    _printf_mbtowc                           0x00000000   Number         0  stubs.o ABSOLUTE
    _printf_n                                0x00000000   Number         0  stubs.o ABSOLUTE
    _printf_o                                0x00000000   Number         0  stubs.o ABSOLUTE
    _printf_p                                0x00000000   Number         0  stubs.o ABSOLUTE
    _printf_percent                          0x00000000   Number         0  stubs.o ABSOLUTE
    _printf_pre_padding                      0x00000000   Number         0  stubs.o ABSOLUTE
    _printf_return_value                     0x00000000   Number         0  stubs.o ABSOLUTE
    _printf_s                                0x00000000   Number         0  stubs.o ABSOLUTE
    _printf_sizespec                         0x00000000   Number         0  stubs.o ABSOLUTE
    _printf_str                              0x00000000   Number         0  stubs.o ABSOLUTE
    _printf_truncate_signed                  0x00000000   Number         0  stubs.o ABSOLUTE
    _printf_truncate_unsigned                0x00000000   Number         0  stubs.o ABSOLUTE
    _printf_u                                0x00000000   Number         0  stubs.o ABSOLUTE
    _printf_wc                               0x00000000   Number         0  stubs.o ABSOLUTE
    _printf_wctomb                           0x00000000   Number         0  stubs.o ABSOLUTE
    _printf_widthprec                        0x00000000   Number         0  stubs.o ABSOLUTE
    _printf_x                                0x00000000   Number         0  stubs.o ABSOLUTE
    __cpp_initialize__aeabi_                  - Undefined Weak Reference
    __cxa_finalize                            - Undefined Weak Reference
    __decompress                              - Undefined Weak Reference
    _clock_init                               - Undefined Weak Reference
    _microlib_exit                            - Undefined Weak Reference
    __Vectors_End                            0x000000c0   Data           0  startup_hw32l003.o(RESET)
    __Vectors_Size                           0x000000c0   Number         0  startup_hw32l003.o ABSOLUTE
    __main                                   0x000000c1   Thumb Code     0  entry.o(.ARM.Collect$$$$00000000)
    _main_stk                                0x000000c1   Thumb Code     0  entry2.o(.ARM.Collect$$$$00000001)
    _main_scatterload                        0x000000c5   Thumb Code     0  entry5.o(.ARM.Collect$$$$00000004)
    __main_after_scatterload                 0x000000c9   Thumb Code     0  entry5.o(.ARM.Collect$$$$00000004)
    _main_clock                              0x000000c9   Thumb Code     0  entry7b.o(.ARM.Collect$$$$00000008)
    _main_cpp_init                           0x000000c9   Thumb Code     0  entry8b.o(.ARM.Collect$$$$0000000A)
    _main_init                               0x000000c9   Thumb Code     0  entry9a.o(.ARM.Collect$$$$0000000B)
    __rt_final_cpp                           0x000000d1   Thumb Code     0  entry10a.o(.ARM.Collect$$$$0000000D)
    __rt_final_exit                          0x000000d1   Thumb Code     0  entry11a.o(.ARM.Collect$$$$0000000F)
    Reset_Handler                            0x000000d5   Thumb Code     8  startup_hw32l003.o(.text)
    NMI_Handler                              0x000000dd   Thumb Code     2  startup_hw32l003.o(.text)
    HardFault_Handler                        0x000000df   Thumb Code     2  startup_hw32l003.o(.text)
    SVC_Handler                              0x000000e1   Thumb Code     2  startup_hw32l003.o(.text)
    PendSV_Handler                           0x000000e3   Thumb Code     2  startup_hw32l003.o(.text)
    ADC_IRQHandler                           0x000000e7   Thumb Code     0  startup_hw32l003.o(.text)
    AWK_IRQHandler                           0x000000e7   Thumb Code     0  startup_hw32l003.o(.text)
    CLKTRIM_IRQHandler                       0x000000e7   Thumb Code     0  startup_hw32l003.o(.text)
    FLASH_IRQHandler                         0x000000e7   Thumb Code     0  startup_hw32l003.o(.text)
    GPIOA_IRQHandler                         0x000000e7   Thumb Code     0  startup_hw32l003.o(.text)
    GPIOB_IRQHandler                         0x000000e7   Thumb Code     0  startup_hw32l003.o(.text)
    GPIOC_IRQHandler                         0x000000e7   Thumb Code     0  startup_hw32l003.o(.text)
    GPIOD_IRQHandler                         0x000000e7   Thumb Code     0  startup_hw32l003.o(.text)
    I2C_IRQHandler                           0x000000e7   Thumb Code     0  startup_hw32l003.o(.text)
    IWDG_IRQHandler                          0x000000e7   Thumb Code     0  startup_hw32l003.o(.text)
    LPTIM_IRQHandler                         0x000000e7   Thumb Code     0  startup_hw32l003.o(.text)
    LPUART_IRQHandler                        0x000000e7   Thumb Code     0  startup_hw32l003.o(.text)
    LVD_IRQHandler                           0x000000e7   Thumb Code     0  startup_hw32l003.o(.text)
    OWIRE_IRQHandler                         0x000000e7   Thumb Code     0  startup_hw32l003.o(.text)
    PCA_IRQHandler                           0x000000e7   Thumb Code     0  startup_hw32l003.o(.text)
    RTC_IRQHandler                           0x000000e7   Thumb Code     0  startup_hw32l003.o(.text)
    SPI_IRQHandler                           0x000000e7   Thumb Code     0  startup_hw32l003.o(.text)
    TIM10_IRQHandler                         0x000000e7   Thumb Code     0  startup_hw32l003.o(.text)
    TIM1_IRQHandler                          0x000000e7   Thumb Code     0  startup_hw32l003.o(.text)
    TIM2_IRQHandler                          0x000000e7   Thumb Code     0  startup_hw32l003.o(.text)
    UART0_IRQHandler                         0x000000e7   Thumb Code     0  startup_hw32l003.o(.text)
    VC_IRQHandler                            0x000000e7   Thumb Code     0  startup_hw32l003.o(.text)
    WWDG_IRQHandler                          0x000000e7   Thumb Code     0  startup_hw32l003.o(.text)
    ms933xdrv_misc_chipisvalid               0x000000f1   Thumb Code    22  ms933x_drv_misc.o(.text)
    ms933xdrv_misc_chip_id_get               0x00000107   Thumb Code    34  ms933x_drv_misc.o(.text)
    ms933xdrv_misc_audio_out_pad_enable      0x00000129   Thumb Code    16  ms933x_drv_misc.o(.text)
    ms933xdrv_misc_audio_i2s_mclk_pad_enable 0x00000139   Thumb Code    16  ms933x_drv_misc.o(.text)
    ms933xdrv_misc_audio_i2s_mclk_div        0x00000149   Thumb Code    18  ms933x_drv_misc.o(.text)
    ms933xdrv_hdmi_tx_set_channel            0x0000015d   Thumb Code    20  ms933x_drv_hdmi_tx.o(.text)
    ms933xdrv_hdmi_tx_get_channel            0x00000171   Thumb Code     6  ms933x_drv_hdmi_tx.o(.text)
    ms933xdrv_hdmi_tx_phy_power_enable       0x00000177   Thumb Code    80  ms933x_drv_hdmi_tx.o(.text)
    ms933xdrv_hdmi_tx_phy_output_enable      0x000001c7   Thumb Code    88  ms933x_drv_hdmi_tx.o(.text)
    ms933xdrv_hdmi_tx_phy_output_auto_ctrl   0x0000021f   Thumb Code    54  ms933x_drv_hdmi_tx.o(.text)
    ms933xdrv_hdmi_tx_phy_data_R200_enable   0x00000255   Thumb Code    28  ms933x_drv_hdmi_tx.o(.text)
    ms933xdrv_hdmi_tx_phy_clk_drive_config   0x00000271   Thumb Code    60  ms933x_drv_hdmi_tx.o(.text)
    ms933xdrv_hdmi_tx_phy_data_drive_config  0x000002ad   Thumb Code   160  ms933x_drv_hdmi_tx.o(.text)
    ms933xdrv_hdmi_tx_phy_data_drive_enhance 0x0000034d   Thumb Code    28  ms933x_drv_hdmi_tx.o(.text)
    ms933xdrv_hdmi_tx_phy_init               0x00000369   Thumb Code   728  ms933x_drv_hdmi_tx.o(.text)
    ms933xdrv_hdmi_tx_phy_set_clk            0x00000641   Thumb Code    34  ms933x_drv_hdmi_tx.o(.text)
    ms933xdrv_hdmi_tx_shell_video_mute_enable 0x00000663   Thumb Code    26  ms933x_drv_hdmi_tx.o(.text)
    ms933xdrv_hdmi_tx_shell_audio_mute_enable 0x0000067d   Thumb Code    26  ms933x_drv_hdmi_tx.o(.text)
    ms933xdrv_hdmi_tx_shell_set_hdmi_out     0x00000697   Thumb Code    32  ms933x_drv_hdmi_tx.o(.text)
    ms933xdrv_hdmi_tx_shell_set_clk_repeat   0x000006b7   Thumb Code    20  ms933x_drv_hdmi_tx.o(.text)
    ms933xdrv_hdmi_tx_shell_set_color_space  0x000006cb   Thumb Code    30  ms933x_drv_hdmi_tx.o(.text)
    ms933xdrv_hdmi_tx_shell_set_color_depth  0x000006e9   Thumb Code    60  ms933x_drv_hdmi_tx.o(.text)
    ms933xdrv_hdmi_tx_shell_set_audio_cbyte_from_channel 0x00000725   Thumb Code    18  ms933x_drv_hdmi_tx.o(.text)
    ms933xdrv_hdmi_tx_shell_get_audio_cbyte_status 0x00000737   Thumb Code    16  ms933x_drv_hdmi_tx.o(.text)
    ms933xdrv_hdmi_tx_shell_set_audio_mode   0x00000747   Thumb Code   168  ms933x_drv_hdmi_tx.o(.text)
    ms933xdrv_hdmi_tx_shell_set_audio_rate   0x000007ef   Thumb Code   190  ms933x_drv_hdmi_tx.o(.text)
    ms933xdrv_hdmi_tx_shell_set_audio_bits   0x000008ad   Thumb Code    28  ms933x_drv_hdmi_tx.o(.text)
    ms933xdrv_hdmi_tx_shell_set_audio_channels 0x000008c9   Thumb Code    54  ms933x_drv_hdmi_tx.o(.text)
    ms933xdrv_hdmi_tx_shell_set_audio_lrck   0x000008ff   Thumb Code    38  ms933x_drv_hdmi_tx.o(.text)
    ms933xdrv_hdmi_tx_shell_set_video_infoframe 0x00000925   Thumb Code   424  ms933x_drv_hdmi_tx.o(.text)
    ms933xdrv_hdmi_tx_shell_set_audio_infoframe 0x00000acd   Thumb Code   222  ms933x_drv_hdmi_tx.o(.text)
    ms933xdrv_hdmi_tx_shell_set_vendor_specific_infoframe 0x00000bab   Thumb Code   234  ms933x_drv_hdmi_tx.o(.text)
    ms933xdrv_hdmi_tx_shell_set_gcp_packet_avmute 0x00000c95   Thumb Code    28  ms933x_drv_hdmi_tx.o(.text)
    ms933xdrv_hdmi_tx_shell_init             0x00000cb1   Thumb Code    90  ms933x_drv_hdmi_tx.o(.text)
    ms933xdrv_hdmi_tx_shell_reset_enable     0x00000d0b   Thumb Code    38  ms933x_drv_hdmi_tx.o(.text)
    ms933xdrv_hdmi_tx_audio_fs_update        0x00000d31   Thumb Code    12  ms933x_drv_hdmi_tx.o(.text)
    ms933xdrv_hdmi_tx_audio_config           0x00000d3d   Thumb Code   116  ms933x_drv_hdmi_tx.o(.text)
    ms933xdrv_hdmi_tx_config                 0x00000db1   Thumb Code   154  ms933x_drv_hdmi_tx.o(.text)
    _csc_convert_val                         0x00000e4b   Thumb Code    22  ms933x_drv_hdmi_tx.o(.text)
    ms933xdrv_hdmi_tx_csc                    0x00000e61   Thumb Code    74  ms933x_drv_hdmi_tx.o(.text)
    ms933xdrv_hdmi_tx_phy_power_down         0x00000eab   Thumb Code    10  ms933x_drv_hdmi_tx.o(.text)
    ms933xdrv_hdmi_tx_shell_hpd              0x00000eb5   Thumb Code    26  ms933x_drv_hdmi_tx.o(.text)
    ms933xdrv_hdmi_tx_shell_timing_stable    0x00000ecf   Thumb Code    28  ms933x_drv_hdmi_tx.o(.text)
    ms933xdrv_hdmi_tx_ddc_is_busy            0x00000eeb   Thumb Code    58  ms933x_drv_hdmi_tx.o(.text)
    ms933xdrv_hdmi_tx_ddc_enable             0x00000f25   Thumb Code    60  ms933x_drv_hdmi_tx.o(.text)
    ms933xdrv_hdmi_tx_hdcp_get_bcaps_from_rx 0x00000f61   Thumb Code    54  ms933x_drv_hdmi_tx.o(.text)
    ms933xdrv_hdmi_tx_hdcp_get_bstatus_from_rx 0x00000f97   Thumb Code    42  ms933x_drv_hdmi_tx.o(.text)
    ms933xdrv_hdmi_tx_hdcp_ksv_verify        0x00000fc1   Thumb Code    56  ms933x_drv_hdmi_tx.o(.text)
    ms933xdrv_hdmi_tx_hdcp_get_bksv_from_rx  0x00000ff9   Thumb Code    56  ms933x_drv_hdmi_tx.o(.text)
    ms933xdrv_hdmi_tx_hdcp_set_bksv_to_tx    0x00001031   Thumb Code    84  ms933x_drv_hdmi_tx.o(.text)
    ms933xdrv_hdmi_tx_hdcp_set_an            0x00001085   Thumb Code    80  ms933x_drv_hdmi_tx.o(.text)
    ms933xdrv_hdmi_tx_hdcp_set_aksv_to_rx    0x000010d5   Thumb Code    44  ms933x_drv_hdmi_tx.o(.text)
    ms933xdrv_hdmi_tx_hdcp_set_key_to_tx     0x00001101   Thumb Code    42  ms933x_drv_hdmi_tx.o(.text)
    ms933xdrv_hdmi_tx_hdcp_enable            0x0000112b   Thumb Code    74  ms933x_drv_hdmi_tx.o(.text)
    ms933xdrv_hdmi_tx_hdcp_get_hw_version    0x00001175   Thumb Code    40  ms933x_drv_hdmi_tx.o(.text)
    ms933xdrv_hdmi_tx_hdcp_encryption_enable 0x0000119d   Thumb Code    40  ms933x_drv_hdmi_tx.o(.text)
    ms933xdrv_hdmi_tx_hdcp_key_init          0x000011c5   Thumb Code    46  ms933x_drv_hdmi_tx.o(.text)
    ms933xdrv_hdmi_tx_hdcp_init              0x000011f3   Thumb Code    72  ms933x_drv_hdmi_tx.o(.text)
    ms933xdrv_hdmi_tx_hdcp_get_status        0x0000123b   Thumb Code   118  ms933x_drv_hdmi_tx.o(.text)
    ms933xdrv_hdmi_tx_hdcp_rpt_ksv_fifo_set  0x000012b1   Thumb Code    84  ms933x_drv_hdmi_tx.o(.text)
    ms933xdrv_hdmi_tx_hdcp_rpt_shav_fifo_set 0x00001305   Thumb Code    40  ms933x_drv_hdmi_tx.o(.text)
    ms933xdrv_hdmi_tx_hdcp_rpt_enable        0x0000132d   Thumb Code    26  ms933x_drv_hdmi_tx.o(.text)
    ms933xdrv_hdmi_tx_hdcp_rpt_shav_enable   0x00001347   Thumb Code    26  ms933x_drv_hdmi_tx.o(.text)
    ms933xdrv_hdmi_tx_hdcp_rpt_status_get    0x00001361   Thumb Code    22  ms933x_drv_hdmi_tx.o(.text)
    ms933xdrv_hdmi_tx_hdcp_repeat_init       0x00001377   Thumb Code   350  ms933x_drv_hdmi_tx.o(.text)
    ParseDetailedTiming                      0x00001503   Thumb Code   334  ms933x_drv_hdmi_tx.o(.text)
    ParseBlock_0_TimingDescripors            0x00001651   Thumb Code    42  ms933x_drv_hdmi_tx.o(.text)
    _drv_edid_checksum                       0x00001875   Thumb Code    34  ms933x_drv_hdmi_tx.o(.text)
    ms933xdrv_hdmi_tx_parse_edid             0x00001897   Thumb Code   306  ms933x_drv_hdmi_tx.o(.text)
    ms933xdrv_hdmi_rx_audio_output_enable    0x000019d1   Thumb Code    20  ms933x_drv_hdmi_rx.o(.text)
    ms933xdrv_hdmi_rx_init                   0x00001a61   Thumb Code   230  ms933x_drv_hdmi_rx.o(.text)
    ms933xdrv_hdmi_rx_moudle_is_not_as5330a  0x00001b47   Thumb Code    22  ms933x_drv_hdmi_rx.o(.text)
    ms933xdrv_hdmi_rx_controller_hdcp_data_enable 0x00001b5d   Thumb Code    30  ms933x_drv_hdmi_rx.o(.text)
    ms933xdrv_hdmi_rx_5v_det                 0x00001b7b   Thumb Code    14  ms933x_drv_hdmi_rx.o(.text)
    ms933xdrv_hdmi_rx_get_tmds_overload      0x00001b89   Thumb Code    12  ms933x_drv_hdmi_rx.o(.text)
    ms933xdrv_hdmi_rx_tmds_overload_protect_disable 0x00001b95   Thumb Code    18  ms933x_drv_hdmi_rx.o(.text)
    ms933xdrv_hdmi_rx_edid_config            0x00001ba7   Thumb Code    36  ms933x_drv_hdmi_rx.o(.text)
    ms933xdrv_hdmi_rx_phy_select_get         0x00001bcb   Thumb Code    14  ms933x_drv_hdmi_rx.o(.text)
    ms933xdrv_hdmi_rx_phy_select_set         0x00001bd9   Thumb Code    16  ms933x_drv_hdmi_rx.o(.text)
    ms933xdrv_hdmi_rx_oversample_designed_term_mode_get 0x00001be9   Thumb Code    16  ms933x_drv_hdmi_rx.o(.text)
    _drv_hdmi_rx_oversample_designed_rcv_release 0x00001bf9   Thumb Code    16  ms933x_drv_hdmi_rx.o(.text)
    ms933xdrv_hdmi_rx_oversample_designed_term_mode_set 0x00001c09   Thumb Code    28  ms933x_drv_hdmi_rx.o(.text)
    ms933xdrv_hdmi_rx_oversample_designed_term_waittime_get 0x00001c25   Thumb Code    12  ms933x_drv_hdmi_rx.o(.text)
    ms933xdrv_hdmi_rx_oversample_designed_term_waittime_set 0x00001c31   Thumb Code    16  ms933x_drv_hdmi_rx.o(.text)
    ms933xdrv_hdmi_rx_oversample_designed_term_trigger 0x00001c41   Thumb Code    14  ms933x_drv_hdmi_rx.o(.text)
    ms933xdrv_hdmi_rx_oversample_designed_term_done_flag 0x00001c4f   Thumb Code    18  ms933x_drv_hdmi_rx.o(.text)
    ms933xdrv_hdmi_rx_oversample_designed_term_cal_result 0x00001c61   Thumb Code    16  ms933x_drv_hdmi_rx.o(.text)
    ms933xdrv_hdmi_rx_oversample_designed_term_resoveride_get 0x00001c71   Thumb Code    18  ms933x_drv_hdmi_rx.o(.text)
    ms933xdrv_hdmi_rx_oversample_designed_term_resoveride_set 0x00001c83   Thumb Code    18  ms933x_drv_hdmi_rx.o(.text)
    ms933xdrv_hdmi_rx_oversample_designed_term_cmp_flag 0x00001c95   Thumb Code    18  ms933x_drv_hdmi_rx.o(.text)
    _drv_hdmi_rx_oversample_designed_term_config 0x00001ca7   Thumb Code   126  ms933x_drv_hdmi_rx.o(.text)
    ms933xdrv_hdmi_rx_oversample_designed_offset_mode_get 0x00001d25   Thumb Code    76  ms933x_drv_hdmi_rx.o(.text)
    ms933xdrv_hdmi_rx_oversample_designed_offset_mode_set 0x00001d71   Thumb Code   146  ms933x_drv_hdmi_rx.o(.text)
    ms933xdrv_hdmi_rx_oversample_designed_offset_autosel_get 0x00001e03   Thumb Code    22  ms933x_drv_hdmi_rx.o(.text)
    ms933xdrv_hdmi_rx_oversample_designed_offset_autosel_set 0x00001e19   Thumb Code    18  ms933x_drv_hdmi_rx.o(.text)
    ms933xdrv_hdmi_rx_oversample_designed_offset_waittime_get 0x00001e2b   Thumb Code    12  ms933x_drv_hdmi_rx.o(.text)
    ms933xdrv_hdmi_rx_oversample_designed_offset_waittime_set 0x00001e37   Thumb Code    16  ms933x_drv_hdmi_rx.o(.text)
    ms933xdrv_hdmi_rx_oversample_designed_offset_value_get 0x00001e47   Thumb Code    70  ms933x_drv_hdmi_rx.o(.text)
    ms933xdrv_hdmi_rx_oversample_designed_offset_value_set 0x00001e8d   Thumb Code    82  ms933x_drv_hdmi_rx.o(.text)
    ms933xdrv_hdmi_rx_oversample_designed_offset_trigger 0x00001edf   Thumb Code    26  ms933x_drv_hdmi_rx.o(.text)
    ms933xdrv_hdmi_rx_oversample_designed_offset_done_flag 0x00001ef9   Thumb Code    18  ms933x_drv_hdmi_rx.o(.text)
    ms933xdrv_hdmi_rx_oversample_designed_offset_cal_result 0x00001f0b   Thumb Code    70  ms933x_drv_hdmi_rx.o(.text)
    ms933xdrv_hdmi_rx_oversample_designed_offset_cal_count 0x00001f51   Thumb Code    64  ms933x_drv_hdmi_rx.o(.text)
    _drv_hdmi_rx_oversample_designed_offset_config 0x00001fa1   Thumb Code   352  ms933x_drv_hdmi_rx.o(.text)
    ms933xdrv_hdmi_rx_oversample_designed_eq_mode_get 0x00002101   Thumb Code    76  ms933x_drv_hdmi_rx.o(.text)
    ms933xdrv_hdmi_rx_oversample_designed_eq_mode_set 0x0000214d   Thumb Code    98  ms933x_drv_hdmi_rx.o(.text)
    ms933xdrv_hdmi_rx_oversample_designed_eq_cal_time_get 0x000021af   Thumb Code    16  ms933x_drv_hdmi_rx.o(.text)
    ms933xdrv_hdmi_rx_oversample_designed_eq_cal_time_set 0x000021bf   Thumb Code    18  ms933x_drv_hdmi_rx.o(.text)
    ms933xdrv_hdmi_rx_oversample_designed_eq_loop_num_get 0x000021d1   Thumb Code    12  ms933x_drv_hdmi_rx.o(.text)
    ms933xdrv_hdmi_rx_oversample_designed_eq_loop_num_set 0x000021dd   Thumb Code    16  ms933x_drv_hdmi_rx.o(.text)
    ms933xdrv_hdmi_rx_oversample_designed_eq_pass_threshold_get 0x000021ed   Thumb Code    18  ms933x_drv_hdmi_rx.o(.text)
    ms933xdrv_hdmi_rx_oversample_designed_eq_pass_threshold_set 0x000021ff   Thumb Code    20  ms933x_drv_hdmi_rx.o(.text)
    ms933xdrv_hdmi_rx_oversample_designed_eq_gain_sel_get 0x00002213   Thumb Code    18  ms933x_drv_hdmi_rx.o(.text)
    ms933xdrv_hdmi_rx_oversample_designed_eq_gain_sel_set 0x00002225   Thumb Code    18  ms933x_drv_hdmi_rx.o(.text)
    ms933xdrv_hdmi_rx_oversample_designed_eq_gain_value_get 0x00002237   Thumb Code    70  ms933x_drv_hdmi_rx.o(.text)
    ms933xdrv_hdmi_rx_oversample_designed_eq_gain_value_set 0x0000227d   Thumb Code    68  ms933x_drv_hdmi_rx.o(.text)
    ms933xdrv_hdmi_rx_oversample_designed_eq_trigger 0x000022c1   Thumb Code    26  ms933x_drv_hdmi_rx.o(.text)
    ms933xdrv_hdmi_rx_oversample_designed_eq_done_flag 0x000022db   Thumb Code    74  ms933x_drv_hdmi_rx.o(.text)
    ms933xdrv_hdmi_rx_oversample_designed_eq_fail_flag 0x00002325   Thumb Code    76  ms933x_drv_hdmi_rx.o(.text)
    ms933xdrv_hdmi_rx_oversample_designed_eq_result_value_get 0x00002371   Thumb Code    90  ms933x_drv_hdmi_rx.o(.text)
    ms933xdrv_hdmi_rx_oversample_designed_eq_rd_sel_get 0x000023cb   Thumb Code    16  ms933x_drv_hdmi_rx.o(.text)
    ms933xdrv_hdmi_rx_oversample_designed_eq_rd_sel_set 0x000023db   Thumb Code    18  ms933x_drv_hdmi_rx.o(.text)
    ms933xdrv_hdmi_rx_oversample_designed_eq_hit_num_get 0x000023ed   Thumb Code    64  ms933x_drv_hdmi_rx.o(.text)
    ms933xdrv_hdmi_rx_oversample_designed_eq_phase_cnt_get 0x0000242d   Thumb Code    64  ms933x_drv_hdmi_rx.o(.text)
    _drv_hdmi_rx_oversample_designed_eq_config 0x0000246d   Thumb Code   320  ms933x_drv_hdmi_rx.o(.text)
    _drv_hdmi_rx_oversample_netlist_rcv_release 0x000025ad   Thumb Code    16  ms933x_drv_hdmi_rx.o(.text)
    ms933xdrv_hdmi_rx_oversample_netlist_phy_init 0x000025bd   Thumb Code    10  ms933x_drv_hdmi_rx.o(.text)
    _drv_hdmi_rx_pi_rcv_release              0x000025c7   Thumb Code    16  ms933x_drv_hdmi_rx.o(.text)
    ms933xdrv_hdmi_rx_pi_term_resoveride_set 0x000025d7   Thumb Code    16  ms933x_drv_hdmi_rx.o(.text)
    ms933xdrv_hdmi_rx_pi_phy_term_enable     0x000025e7   Thumb Code    16  ms933x_drv_hdmi_rx.o(.text)
    _drv_hdmi_rx_pi_term_config              0x000025f7   Thumb Code    36  ms933x_drv_hdmi_rx.o(.text)
    ms933xdrv_hdmi_rx_pi_offset_enable_set   0x0000261b   Thumb Code    22  ms933x_drv_hdmi_rx.o(.text)
    ms933xdrv_hdmi_rx_pi_offset_dec_set      0x00002631   Thumb Code    24  ms933x_drv_hdmi_rx.o(.text)
    ms933xdrv_hdmi_rx_pi_offset_inc_set      0x00002649   Thumb Code    22  ms933x_drv_hdmi_rx.o(.text)
    ms933xdrv_hdmi_rx_pi_offset_cmpout_get   0x0000265f   Thumb Code    18  ms933x_drv_hdmi_rx.o(.text)
    _drv_hdmi_rx_pi_offset_config            0x00002671   Thumb Code   150  ms933x_drv_hdmi_rx.o(.text)
    _drv_errdet_clr_swsel                    0x00002725   Thumb Code    20  ms933x_drv_hdmi_rx.o(.text)
    _drv_errdet_clr                          0x00002739   Thumb Code    30  ms933x_drv_hdmi_rx.o(.text)
    ms933xdrv_hdmi_rx_pi_phy_eq_gain_set     0x00002757   Thumb Code    70  ms933x_drv_hdmi_rx.o(.text)
    ms933xdrv_hdmi_rx_pi_phy_28eq_gain_set   0x0000279d   Thumb Code   206  ms933x_drv_hdmi_rx.o(.text)
    _drv_errdet_counter                      0x0000286b   Thumb Code   100  ms933x_drv_hdmi_rx.o(.text)
    ms933xdrv_errdet_wrong_status            0x000028cf   Thumb Code    54  ms933x_drv_hdmi_rx.o(.text)
    ms933xdrv_rxpll_lock_status              0x00002905   Thumb Code    38  ms933x_drv_hdmi_rx.o(.text)
    _drv_hdmi_rx_pi_cdr_reset                0x0000292b   Thumb Code    24  ms933x_drv_hdmi_rx.o(.text)
    _drv_hdmi_rx_pi_fifo_reset               0x00002943   Thumb Code    20  ms933x_drv_hdmi_rx.o(.text)
    _drv_hdmi_rx_pi_eq_config                0x00002957   Thumb Code   354  ms933x_drv_hdmi_rx.o(.text)
    _drv_hdmi_rx_pi_28eq_set_and_get_error   0x00002ab9   Thumb Code    70  ms933x_drv_hdmi_rx.o(.text)
    _drv_hdmi_rx_pi_28eq_search              0x00002aff   Thumb Code   462  ms933x_drv_hdmi_rx.o(.text)
    _drv_hdmi_rx_pi_28eq_calc_next_search_range 0x00002ccd   Thumb Code    72  ms933x_drv_hdmi_rx.o(.text)
    _drv_hdmi_rx_pi_28eq_config              0x00002d15   Thumb Code   354  ms933x_drv_hdmi_rx.o(.text)
    _drv_hdmi_rx_oversample_designed_pll_release 0x00002e77   Thumb Code    26  ms933x_drv_hdmi_rx.o(.text)
    _drv_hdmi_rx_oversample_designed_phy_power_on 0x00002e91   Thumb Code    52  ms933x_drv_hdmi_rx.o(.text)
    ms933xdrv_hdmi_rx_oversample_designed_rxpll_mode_set 0x00002ec5   Thumb Code    28  ms933x_drv_hdmi_rx.o(.text)
    ms933xdrv_hdmi_rx_oversample_designed_rxpll_trigger 0x00002ee1   Thumb Code    14  ms933x_drv_hdmi_rx.o(.text)
    ms933xdrv_hdmi_rx_oversample_designed_rxpll_done_flag 0x00002eef   Thumb Code    26  ms933x_drv_hdmi_rx.o(.text)
    ms933xdrv_hdmi_rx_oversample_designed_rxpll_lock_flag 0x00002f09   Thumb Code    28  ms933x_drv_hdmi_rx.o(.text)
    _drv_hdmi_rx_oversample_designed_pll_kband_enable 0x00002f25   Thumb Code    94  ms933x_drv_hdmi_rx.o(.text)
    _drv_hdmi_rx_oversample_designed_rxpll_freqsel 0x00002f83   Thumb Code    20  ms933x_drv_hdmi_rx.o(.text)
    _drv_hdmi_rx_oversample_designed_rxpll_tmdsfreq_get 0x00002f97   Thumb Code    16  ms933x_drv_hdmi_rx.o(.text)
    _drv_hdmi_rx_oversample_designed_rxpll_lookup_table 0x00002fa7   Thumb Code   270  ms933x_drv_hdmi_rx.o(.text)
    _drv_hdmi_rx_oversample_designed_rxpll_iband 0x000030b5   Thumb Code    64  ms933x_drv_hdmi_rx.o(.text)
    _drv_hdmi_rx_oversample_designed_rxpll_config 0x000030f5   Thumb Code   244  ms933x_drv_hdmi_rx.o(.text)
    ms933xdrv_hdmi_rx_oversample_designed_phy_init 0x000031e9   Thumb Code    48  ms933x_drv_hdmi_rx.o(.text)
    ms933xdrv_hdmi_rx_oversample_designed_phy_config 0x00003219   Thumb Code    84  ms933x_drv_hdmi_rx.o(.text)
    _drv_hdmi_rx_oversample_netlist_pll_release 0x0000326d   Thumb Code    24  ms933x_drv_hdmi_rx.o(.text)
    _drv_hdmi_rx_oversample_netlist_pll_power_on 0x00003285   Thumb Code   112  ms933x_drv_hdmi_rx.o(.text)
    ms933xdrv_hdmi_rx_oversample_netlist_rxpll_mode_set 0x000032f5   Thumb Code    28  ms933x_drv_hdmi_rx.o(.text)
    ms933xdrv_hdmi_rx_oversample_netlist_rxpll_trigger 0x00003311   Thumb Code    14  ms933x_drv_hdmi_rx.o(.text)
    ms933xdrv_hdmi_rx_oversample_netlist_rxpll_done_flag 0x0000331f   Thumb Code    24  ms933x_drv_hdmi_rx.o(.text)
    ms933xdrv_hdmi_rx_oversample_netlist_rxpll_lock_flag 0x00003337   Thumb Code    26  ms933x_drv_hdmi_rx.o(.text)
    _drv_hdmi_rx_oversample_netlist_rxpll_freqsel 0x00003351   Thumb Code    28  ms933x_drv_hdmi_rx.o(.text)
    _drv_hdmi_rx_oversample_netlist_rxpll_tmdsfreq_get 0x0000336d   Thumb Code    16  ms933x_drv_hdmi_rx.o(.text)
    _drv_hdmi_rx_oversample_netlist_rxpll_initial_set 0x0000337d   Thumb Code   326  ms933x_drv_hdmi_rx.o(.text)
    _drv_hdmi_rx_oversample_netlist_rxpll_iband 0x000034c3   Thumb Code   202  ms933x_drv_hdmi_rx.o(.text)
    _drv_hdmi_rx_oversample_netlist_rxpll_config 0x0000358d   Thumb Code   240  ms933x_drv_hdmi_rx.o(.text)
    ms933xdrv_hdmi_rx_oversample_netlist_pll_init 0x0000367d   Thumb Code    34  ms933x_drv_hdmi_rx.o(.text)
    ms933xdrv_hdmi_rx_pi_pll_release         0x0000369f   Thumb Code    26  ms933x_drv_hdmi_rx.o(.text)
    _drv_hdmi_rx_pi_pll_kband_enable         0x000036b9   Thumb Code    64  ms933x_drv_hdmi_rx.o(.text)
    ms933xdrv_hdmi_rx_pi_rxpll_mode_set      0x000036f9   Thumb Code    28  ms933x_drv_hdmi_rx.o(.text)
    ms933xdrv_hdmi_rx_pi_rxpll_trigger       0x00003715   Thumb Code    14  ms933x_drv_hdmi_rx.o(.text)
    ms933xdrv_hdmi_rx_pi_rxpll_done_flag     0x00003723   Thumb Code    16  ms933x_drv_hdmi_rx.o(.text)
    ms933xdrv_hdmi_rx_pi_rxpll_lock_flag     0x00003733   Thumb Code    18  ms933x_drv_hdmi_rx.o(.text)
    _drv_hdmi_rx_pi_rxpll_tmdsfreq_get       0x00003745   Thumb Code    16  ms933x_drv_hdmi_rx.o(.text)
    _drv_hdmi_rx_pi_rxpll_lookup_table       0x00003755   Thumb Code   186  ms933x_drv_hdmi_rx.o(.text)
    _drv_hdmi_rx_pi_rxpll_cal_ref_freq_get   0x0000380f   Thumb Code    16  ms933x_drv_hdmi_rx.o(.text)
    _drv_hdmi_rx_pi_rxpll_iband              0x0000381f   Thumb Code    56  ms933x_drv_hdmi_rx.o(.text)
    _drv_hdmi_rx_pi_rxpll_config             0x00003857   Thumb Code   400  ms933x_drv_hdmi_rx.o(.text)
    _drv_hdmi_rx_pi_mixer_config             0x000039e7   Thumb Code   286  ms933x_drv_hdmi_rx.o(.text)
    ms933xdrv_hdmi_rx_pi_phy_init            0x00003b05   Thumb Code    66  ms933x_drv_hdmi_rx.o(.text)
    ms933xdrv_hdmi_rx_phy_power_down         0x00003b47   Thumb Code    40  ms933x_drv_hdmi_rx.o(.text)
    ms933xdrv_hdmi_rx_pi_phy_config          0x00003b6f   Thumb Code   184  ms933x_drv_hdmi_rx.o(.text)
    ms933xdrv_hdmi_rx_pi_phy_config_with_28eq 0x00003c27   Thumb Code   248  ms933x_drv_hdmi_rx.o(.text)
    ms933xdrv_hdmi_rx_controller_hpd_set     0x00003d1f   Thumb Code    26  ms933x_drv_hdmi_rx.o(.text)
    ms933xdrv_hdmi_rx_controller_hpd_get     0x00003d39   Thumb Code    16  ms933x_drv_hdmi_rx.o(.text)
    ms933xdrv_hdmi_rx_controller_hdcp_encryption_enable 0x00003d49   Thumb Code    18  ms933x_drv_hdmi_rx.o(.text)
    ms933xdrv_hdmi_rx_controller_reset       0x00003d5b   Thumb Code    16  ms933x_drv_hdmi_rx.o(.text)
    ms933xdrv_hdmi_rx_hdcp_detect_enable     0x00003d6b   Thumb Code    78  ms933x_drv_hdmi_rx.o(.text)
    ms933xdrv_hdmi_rx_controller_hdcp_hdmi_mode_set 0x00003db9   Thumb Code     2  ms933x_drv_hdmi_rx.o(.text)
    ms933xdrv_hdmi_rx_controller_hdcp_bksv_set 0x00003dbb   Thumb Code    46  ms933x_drv_hdmi_rx.o(.text)
    ms933xdrv_hdmi_rx_controller_hdcp_key_set 0x00003de9   Thumb Code    88  ms933x_drv_hdmi_rx.o(.text)
    ms933xdrv_hdmi_rx_controller_hdcp_init   0x00003e41   Thumb Code    20  ms933x_drv_hdmi_rx.o(.text)
    ms933xdrv_hdmi_rx_controller_hdcp_get_status 0x00003e55   Thumb Code    16  ms933x_drv_hdmi_rx.o(.text)
    ms933xdrv_hdmi_rx_controller_hdcp_get_Ri 0x00003e65   Thumb Code    14  ms933x_drv_hdmi_rx.o(.text)
    ms933xdrv_hdmi_rx_core_hdcp_bcaps_fast_ddc_support_enable 0x00003e73   Thumb Code    20  ms933x_drv_hdmi_rx.o(.text)
    ms933xdrv_hdmi_rx_core_hdcp_rpt_shav_enable 0x00003e87   Thumb Code    20  ms933x_drv_hdmi_rx.o(.text)
    ms933xdrv_hdmi_rx_core_hdcp_rpt_reset_enable 0x00003e9b   Thumb Code    72  ms933x_drv_hdmi_rx.o(.text)
    ms933xdrv_hdmi_rx_core_hdcp_rpt_device_config 0x00003ee3   Thumb Code    24  ms933x_drv_hdmi_rx.o(.text)
    ms933xdrv_hdmi_rx_core_hdcp_bcaps_rpt_enable 0x00003efb   Thumb Code    18  ms933x_drv_hdmi_rx.o(.text)
    ms933xdrv_hdmi_rx_core_hdcp_rpt_ready_get 0x00003f0d   Thumb Code    16  ms933x_drv_hdmi_rx.o(.text)
    ms933xdrv_hdmi_rx_controller_dvidet      0x00003f1d   Thumb Code    14  ms933x_drv_hdmi_rx.o(.text)
    ms933xdrv_hdmi_rx_core_hdcp_rpt_ksv_fifo_set 0x00003f2b   Thumb Code   104  ms933x_drv_hdmi_rx.o(.text)
    ms933xdrv_hdmi_rx_core_hdcp_rpt_ksv_init 0x00003f93   Thumb Code    54  ms933x_drv_hdmi_rx.o(.text)
    ms933xdrv_hdmi_rx_controller_mdt_syncvalid 0x00003fc9   Thumb Code    58  ms933x_drv_hdmi_rx.o(.text)
    _drv_mdt_get_sync_polarity               0x00004003   Thumb Code    40  ms933x_drv_hdmi_rx.o(.text)
    _drv_mdt_get_htotal                      0x0000402b   Thumb Code    14  ms933x_drv_hdmi_rx.o(.text)
    _drv_mdt_get_vtotal                      0x00004039   Thumb Code    14  ms933x_drv_hdmi_rx.o(.text)
    _drv_mdt_get_hactive                     0x00004047   Thumb Code    14  ms933x_drv_hdmi_rx.o(.text)
    _drv_mdt_get_vactive                     0x00004055   Thumb Code    14  ms933x_drv_hdmi_rx.o(.text)
    _drv_mdt_get_hfreq                       0x00004063   Thumb Code    30  ms933x_drv_hdmi_rx.o(.text)
    ms933xdrv_hdmi_rx_get_tmds_clk           0x00004081   Thumb Code    42  ms933x_drv_hdmi_rx.o(.text)
    _drv_mdt_get_hoffset                     0x000040ab   Thumb Code    14  ms933x_drv_hdmi_rx.o(.text)
    _drv_mdt_get_vback                       0x000040b9   Thumb Code    10  ms933x_drv_hdmi_rx.o(.text)
    _drv_mdt_get_hsw                         0x000040c3   Thumb Code    10  ms933x_drv_hdmi_rx.o(.text)
    _drv_mdt_get_vsw                         0x000040cd   Thumb Code    10  ms933x_drv_hdmi_rx.o(.text)
    ms933xdrv_hdmi_rx_get_mdt_interrupt_status 0x000040d7   Thumb Code    40  ms933x_drv_hdmi_rx.o(.text)
    ms933xdrv_hdmi_rx_get_mdt_interrupt_status_ext 0x000040ff   Thumb Code    18  ms933x_drv_hdmi_rx.o(.text)
    ms933xdrv_hdmi_rx_get_input_timing       0x00004111   Thumb Code   246  ms933x_drv_hdmi_rx.o(.text)
    ms933xdrv_hdmi_rx_controller_enable      0x00004207   Thumb Code    20  ms933x_drv_hdmi_rx.o(.text)
    ms933xdrv_hdmi_rx_get_audio_fifo_status  0x0000421b   Thumb Code    16  ms933x_drv_hdmi_rx.o(.text)
    ms933xdrv_hdmi_rx_audio_fifo_reset       0x0000422b   Thumb Code    32  ms933x_drv_hdmi_rx.o(.text)
    ms933xdrv_hdmi_rx_video_fifo_reset       0x0000424b   Thumb Code    20  ms933x_drv_hdmi_rx.o(.text)
    _drv_pdec_get_vic                        0x0000425f   Thumb Code    16  ms933x_drv_hdmi_rx.o(.text)
    _drv_pdec_get_clk_rpt                    0x0000426f   Thumb Code    16  ms933x_drv_hdmi_rx.o(.text)
    _drv_pdec_get_scan_info                  0x0000427f   Thumb Code    18  ms933x_drv_hdmi_rx.o(.text)
    _drv_pdec_get_aspect_ratio               0x00004291   Thumb Code    18  ms933x_drv_hdmi_rx.o(.text)
    _drv_pdec_get_color_space                0x000042a3   Thumb Code    16  ms933x_drv_hdmi_rx.o(.text)
    _drv_pdec_get_color_depth                0x000042b3   Thumb Code    92  ms933x_drv_hdmi_rx.o(.text)
    ms933xdrv_hdmi_rx_controller_get_gcp_avmute 0x0000430f   Thumb Code    18  ms933x_drv_hdmi_rx.o(.text)
    ms933xdrv_hdmi_rx_controller_set_avmute_black_color 0x00004321   Thumb Code    70  ms933x_drv_hdmi_rx.o(.text)
    _drv_hdmi_status_get_color_depth         0x00004367   Thumb Code    30  ms933x_drv_hdmi_rx.o(.text)
    _drv_pdec_get_colorimetry                0x00004385   Thumb Code    60  ms933x_drv_hdmi_rx.o(.text)
    _drv_pdec_get_video_format               0x000043c1   Thumb Code    42  ms933x_drv_hdmi_rx.o(.text)
    _drv_pdec_get_4Kx2K_vic                  0x000043eb   Thumb Code    58  ms933x_drv_hdmi_rx.o(.text)
    _drv_pdec_get_3D_structure               0x00004425   Thumb Code    70  ms933x_drv_hdmi_rx.o(.text)
    ms933xdrv_hdmi_rx_controller_get_pdec_header_audio_mode 0x0000446b   Thumb Code    72  ms933x_drv_hdmi_rx.o(.text)
    ms933xdrv_hdmi_rx_controller_get_inforframe_audio_mode 0x000044b3   Thumb Code    16  ms933x_drv_hdmi_rx.o(.text)
    _drv_pdec_get_audio_rate                 0x000044c3   Thumb Code    68  ms933x_drv_hdmi_rx.o(.text)
    _drv_pdec_get_audio_bits                 0x00004507   Thumb Code    50  ms933x_drv_hdmi_rx.o(.text)
    _drv_pdec_get_audio_channels             0x00004539   Thumb Code    16  ms933x_drv_hdmi_rx.o(.text)
    _drv_pdec_get_audio_speaker_locations    0x00004549   Thumb Code    14  ms933x_drv_hdmi_rx.o(.text)
    _drv_pdec_get_audio_sample_packet_infomation 0x00004557   Thumb Code    74  ms933x_drv_hdmi_rx.o(.text)
    ms933xdrv_hdmi_rx_controller_pdec_interrupt_get_status 0x000045a1   Thumb Code    36  ms933x_drv_hdmi_rx.o(.text)
    ms933xdrv_hdmi_rx_controller_pdec_interrupt_get_status_ext 0x000045c5   Thumb Code    20  ms933x_drv_hdmi_rx.o(.text)
    ms933xdrv_hdmi_rx_controller_hdmi_interrupt_get_status 0x000045d9   Thumb Code    38  ms933x_drv_hdmi_rx.o(.text)
    ms933xdrv_hdmi_rx_controller_hdmi_interrupt_get_status_ext 0x000045ff   Thumb Code    20  ms933x_drv_hdmi_rx.o(.text)
    ms933xdrv_hdmi_rx_controller_audio_fifo_interrupt_get_status 0x00004613   Thumb Code    38  ms933x_drv_hdmi_rx.o(.text)
    ms933xdrv_hdmi_rx_controller_audio_fifo_interrupt_get_status_ext 0x00004639   Thumb Code    20  ms933x_drv_hdmi_rx.o(.text)
    ms933xdrv_hdmi_rx_interrupt_to_pin_ctrl  0x0000464d   Thumb Code    70  ms933x_drv_hdmi_rx.o(.text)
    ms933xdrv_hdmi_rx_controller_get_input_config 0x00004693   Thumb Code   152  ms933x_drv_hdmi_rx.o(.text)
    ms933xdrv_hdmi_rx_controller_audio_channel_config 0x0000472b   Thumb Code    76  ms933x_drv_hdmi_rx.o(.text)
    ms933xdrv_hdmi_rx_controller_pixel_clk_config 0x00004777   Thumb Code    50  ms933x_drv_hdmi_rx.o(.text)
    ms933xdrv_hdmi_rx_controller_scdc_config 0x000047a9   Thumb Code    16  ms933x_drv_hdmi_rx.o(.text)
    _drv_hdmi_rx_audio_clk_sel               0x000047b9   Thumb Code   142  ms933x_drv_hdmi_rx.o(.text)
    ms933xdrv_hdmi_audio_pll_config          0x00004847   Thumb Code   406  ms933x_drv_hdmi_rx.o(.text)
    ms933xdrv_hdmi_rx_audio_config           0x000049dd   Thumb Code   280  ms933x_drv_hdmi_rx.o(.text)
    HAL_SetChipAddr                          0x00004b19   Thumb Code     6  ms933x_mpi.o(.text)
    HAL_ReadByte                             0x00004b1f   Thumb Code    16  ms933x_mpi.o(.text)
    HAL_WriteByte                            0x00004b2f   Thumb Code    20  ms933x_mpi.o(.text)
    HAL_ReadWord                             0x00004b43   Thumb Code    28  ms933x_mpi.o(.text)
    HAL_WriteWord                            0x00004b5f   Thumb Code    26  ms933x_mpi.o(.text)
    HAL_ModBits                              0x00004b79   Thumb Code    38  ms933x_mpi.o(.text)
    HAL_SetBits                              0x00004b9f   Thumb Code    18  ms933x_mpi.o(.text)
    HAL_ClrBits                              0x00004bb1   Thumb Code    18  ms933x_mpi.o(.text)
    HAL_ToggleBits                           0x00004bc3   Thumb Code    32  ms933x_mpi.o(.text)
    HAL_ReadDWord                            0x00004be3   Thumb Code    26  ms933x_mpi.o(.text)
    HAL_WriteDWord                           0x00004bfd   Thumb Code    26  ms933x_mpi.o(.text)
    HAL_ReadBytes                            0x00004c17   Thumb Code    24  ms933x_mpi.o(.text)
    HAL_WriteBytes                           0x00004c2f   Thumb Code    24  ms933x_mpi.o(.text)
    HAL_WriteDWord_Ex                        0x00004c47   Thumb Code    42  ms933x_mpi.o(.text)
    HAL_ReadDWord_Ex                         0x00004c71   Thumb Code    50  ms933x_mpi.o(.text)
    HAL_ModBits_Ex                           0x00004ca3   Thumb Code    38  ms933x_mpi.o(.text)
    HAL_SetBits_Ex                           0x00004cc9   Thumb Code    18  ms933x_mpi.o(.text)
    HAL_ClrBits_Ex                           0x00004cdb   Thumb Code    18  ms933x_mpi.o(.text)
    HAL_ToggleBits_Ex                        0x00004ced   Thumb Code    32  ms933x_mpi.o(.text)
    __aeabi_uidiv                            0x00004d11   Thumb Code     0  uidiv.o(.text)
    __aeabi_uidivmod                         0x00004d11   Thumb Code    44  uidiv.o(.text)
    __aeabi_idiv                             0x00004d3d   Thumb Code     0  idiv.o(.text)
    __aeabi_idivmod                          0x00004d3d   Thumb Code    40  idiv.o(.text)
    __aeabi_llsr                             0x00004d65   Thumb Code    34  llushr.o(.text)
    _ll_ushift_r                             0x00004d65   Thumb Code     0  llushr.o(.text)
    __aeabi_memcpy                           0x00004d87   Thumb Code    36  memcpya.o(.text)
    __aeabi_memcpy4                          0x00004d87   Thumb Code     0  memcpya.o(.text)
    __aeabi_memcpy8                          0x00004d87   Thumb Code     0  memcpya.o(.text)
    __aeabi_memset                           0x00004dab   Thumb Code    14  memseta.o(.text)
    __aeabi_memset4                          0x00004dab   Thumb Code     0  memseta.o(.text)
    __aeabi_memset8                          0x00004dab   Thumb Code     0  memseta.o(.text)
    __aeabi_memclr                           0x00004db9   Thumb Code     4  memseta.o(.text)
    __aeabi_memclr4                          0x00004db9   Thumb Code     0  memseta.o(.text)
    __aeabi_memclr8                          0x00004db9   Thumb Code     0  memseta.o(.text)
    _memset$wrapper                          0x00004dbd   Thumb Code    18  memseta.o(.text)
    memcmp                                   0x00004dcf   Thumb Code    26  memcmp.o(.text)
    __aeabi_fadd                             0x00004de9   Thumb Code   162  fadd.o(.text)
    __aeabi_fsub                             0x00004e8b   Thumb Code     8  fadd.o(.text)
    __aeabi_frsub                            0x00004e93   Thumb Code     8  fadd.o(.text)
    __aeabi_fmul                             0x00004e9b   Thumb Code   122  fmul.o(.text)
    __aeabi_fdiv                             0x00004f15   Thumb Code   124  fdiv.o(.text)
    __aeabi_i2f                              0x00004f91   Thumb Code    22  fflti.o(.text)
    __aeabi_ui2f                             0x00004fa7   Thumb Code    14  ffltui.o(.text)
    __aeabi_f2uiz                            0x00004fb5   Thumb Code    40  ffixui.o(.text)
    __aeabi_uldivmod                         0x00004fdd   Thumb Code    96  uldiv.o(.text)
    __I$use$fp                               0x0000503d   Thumb Code     0  iusefp.o(.text)
    _float_round                             0x0000503d   Thumb Code    16  fepilogue.o(.text)
    _float_epilogue                          0x0000504d   Thumb Code   114  fepilogue.o(.text)
    __scatterload                            0x000050c1   Thumb Code    28  init.o(.text)
    __scatterload_rt2                        0x000050c1   Thumb Code     0  init.o(.text)
    __aeabi_llsl                             0x000050e5   Thumb Code    32  llshl.o(.text)
    __semihosting_library_function           0x000050e5   Thumb Code     0  semi.o(.text)
    _ll_shift_l                              0x000050e5   Thumb Code     0  llshl.o(.text)
    Error_Handler                            0x00005105   Thumb Code    26  mculib_iap.o(i.Error_Handler)
    __I$use$semihosting$fputc                0x00005105   Thumb Code     0  iusesemip.o(.text)
    FLASH_WaitForLastOperation               0x00005231   Thumb Code    52  hw32l003_hal_flash.o(i.FLASH_WaitForLastOperation)
    HAL_FLASH_Erase                          0x00005269   Thumb Code   242  hw32l003_hal_flash.o(i.HAL_FLASH_Erase)
    HAL_FLASH_OPERATION_Lock                 0x00005371   Thumb Code   194  hw32l003_hal_flash.o(i.HAL_FLASH_OPERATION_Lock)
    HAL_FLASH_OPERATION_Unlock               0x00005441   Thumb Code   196  hw32l003_hal_flash.o(i.HAL_FLASH_OPERATION_Unlock)
    HAL_FLASH_Program                        0x00005511   Thumb Code   222  hw32l003_hal_flash.o(i.HAL_FLASH_Program)
    HAL_GPIO_Init                            0x00005605   Thumb Code   538  hw32l003_hal_gpio.o(i.HAL_GPIO_Init)
    HAL_GPIO_ReadPin                         0x0000581f   Thumb Code    18  hw32l003_hal_gpio.o(i.HAL_GPIO_ReadPin)
    HAL_GPIO_TogglePin                       0x00005831   Thumb Code     8  hw32l003_hal_gpio.o(i.HAL_GPIO_TogglePin)
    HAL_GPIO_WritePin                        0x00005839   Thumb Code    12  hw32l003_hal_gpio.o(i.HAL_GPIO_WritePin)
    HAL_GetTick                              0x00005845   Thumb Code     6  hw32l003_hal.o(i.HAL_GetTick)
    HAL_IncTick                              0x00005851   Thumb Code    16  hw32l003_hal.o(i.HAL_IncTick)
    HAL_Init                                 0x00005869   Thumb Code    16  hw32l003_hal.o(i.HAL_Init)
    HAL_InitTick                             0x00005879   Thumb Code   104  hw32l003_hal.o(i.HAL_InitTick)
    HAL_MspInit                              0x000058f5   Thumb Code     2  hw32l003_hal.o(i.HAL_MspInit)
    HAL_UART_ErrorCallback                   0x000058f7   Thumb Code     2  hw32l003_hal_uart.o(i.HAL_UART_ErrorCallback)
    HAL_UART_IRQHandler                      0x000058f9   Thumb Code   150  hw32l003_hal_uart.o(i.HAL_UART_IRQHandler)
    HAL_UART_Init                            0x0000598f   Thumb Code    56  hw32l003_hal_uart.o(i.HAL_UART_Init)
    HAL_UART_Receive_IT                      0x000059c7   Thumb Code    92  hw32l003_hal_uart.o(i.HAL_UART_Receive_IT)
    HAL_UART_RxCpltCallback                  0x00005a25   Thumb Code   292  mculib_uart.o(i.HAL_UART_RxCpltCallback)
    HAL_UART_Transmit                        0x00005b69   Thumb Code   286  hw32l003_hal_uart.o(i.HAL_UART_Transmit)
    HAL_UART_TxCpltCallback                  0x00005c8d   Thumb Code     2  hw32l003_hal_uart.o(i.HAL_UART_TxCpltCallback)
    HDMI_InPut_Switch                        0x00005c91   Thumb Code    74  hdmi.o(i.HDMI_InPut_Switch)
    MS9601A_Read                             0x00005ce9   Thumb Code    14  hdmi.o(i.MS9601A_Read)
    MS9601A_Write                            0x00005cf7   Thumb Code    18  hdmi.o(i.MS9601A_Write)
    SysTick_Handler                          0x00005d95   Thumb Code     8  mculib_gpio.o(i.SysTick_Handler)
    SystemInit                               0x00005d9d   Thumb Code    48  system_hw32l003.o(i.SystemInit)
    TIM11_IRQHandler                         0x00005ddd   Thumb Code    88  mculib_timer.o(i.TIM11_IRQHandler)
    UART1_IRQHandler                         0x00005e4d   Thumb Code    10  mculib_uart.o(i.UART1_IRQHandler)
    __0printf$5                              0x000060b5   Thumb Code    24  printf5.o(i.__0printf$5)
    __1printf$5                              0x000060b5   Thumb Code     0  printf5.o(i.__0printf$5)
    __2printf                                0x000060b5   Thumb Code     0  printf5.o(i.__0printf$5)
    __ARM_common_switch8                     0x000060d5   Thumb Code    28  mculib_uart.o(i.__ARM_common_switch8)
    __scatterload_copy                       0x000060f1   Thumb Code    14  handlers.o(i.__scatterload_copy)
    __scatterload_null                       0x000060ff   Thumb Code     2  handlers.o(i.__scatterload_null)
    __scatterload_zeroinit                   0x00006101   Thumb Code    14  handlers.o(i.__scatterload_zeroinit)
    _check_hdmi_sink                         0x0000611d   Thumb Code    48  main.o(i._check_hdmi_sink)
    _check_hdmi_sink_exist                   0x00006151   Thumb Code    42  main.o(i._check_hdmi_sink_exist)
    _clean                                   0x00006185   Thumb Code    12  mculib_uart.o(i._clean)
    _config_output                           0x00006199   Thumb Code   130  main.o(i._config_output)
    _config_output_audio                     0x00006229   Thumb Code    18  main.o(i._config_output_audio)
    _config_output_avmute                    0x00006241   Thumb Code    20  main.o(i._config_output_avmute)
    _convert_to_rgb_judge                    0x00006255   Thumb Code    66  main.o(i._convert_to_rgb_judge)
    _csc_process                             0x000062a1   Thumb Code    88  main.o(i._csc_process)
    _edid_file_save                          0x00006301   Thumb Code     2  main.o(i._edid_file_save)
    _get_infoframe_status                    0x00006303   Thumb Code   128  main.o(i._get_infoframe_status)
    _hdmi_rx_phy_config                      0x00006383   Thumb Code   112  main.o(i._hdmi_rx_phy_config)
    _hdmi_tx_edid_param_default              0x000063f5   Thumb Code    74  main.o(i._hdmi_tx_edid_param_default)
    _hdmi_tx_gcp_avmute_param_default        0x00006445   Thumb Code     8  main.o(i._hdmi_tx_gcp_avmute_param_default)
    _hdmi_tx_hdcp_param_default              0x00006451   Thumb Code    22  main.o(i._hdmi_tx_hdcp_param_default)
    _hdmi_tx_hdcp_service                    0x00006479   Thumb Code   126  main.o(i._hdmi_tx_hdcp_service)
    _hdmi_tx_hdcp_start                      0x00006531   Thumb Code    40  main.o(i._hdmi_tx_hdcp_start)
    _hdmi_tx_shell_error_service             0x0000656d   Thumb Code    70  main.o(i._hdmi_tx_shell_error_service)
    _hotplug_process                         0x000065bd   Thumb Code   322  main.o(i._hotplug_process)
    _hotplug_service                         0x0000676d   Thumb Code   594  main.o(i._hotplug_service)
    _i2c_read_byte                           0x00006a41   Thumb Code   162  mculib_i2c.o(i._i2c_read_byte)
    _i2c_start                               0x00006aed   Thumb Code    60  mculib_i2c.o(i._i2c_start)
    _i2c_stop                                0x00006b31   Thumb Code    58  mculib_i2c.o(i._i2c_stop)
    _i2c_write_byte                          0x00006b75   Thumb Code   206  mculib_i2c.o(i._i2c_write_byte)
    _param_default                           0x00006c4d   Thumb Code   164  main.o(i._param_default)
    _rxpll_errdet_wrong_status               0x00007035   Thumb Code   112  main.o(i._rxpll_errdet_wrong_status)
    _send_ascii                              0x000070a9   Thumb Code    30  mculib_uart.o(i._send_ascii)
    _shutdown_output                         0x000070c7   Thumb Code    34  main.o(i._shutdown_output)
    _tx_edid_read_again                      0x000070e9   Thumb Code    52  main.o(i._tx_edid_read_again)
    fputc                                    0x00007161   Thumb Code    18  fputc.o(i.fputc)
    hdmi_clk_det                             0x00007175   Thumb Code   158  hdmi.o(i.hdmi_clk_det)
    hdmi_eq_update                           0x0000724d   Thumb Code    72  hdmi.o(i.hdmi_eq_update)
    hdmi_ldo_off                             0x000072a9   Thumb Code    12  hdmi.o(i.hdmi_ldo_off)
    hdmi_logic_next                          0x000072b5   Thumb Code    76  hdmi.o(i.hdmi_logic_next)
    hdmi_logic_sel                           0x00007311   Thumb Code    32  hdmi.o(i.hdmi_logic_sel)
    hdmi_pow_logic                           0x0000733d   Thumb Code   218  hdmi.o(i.hdmi_pow_logic)
    i2c_read_8bidx8bval                      0x00007431   Thumb Code    74  mculib_i2c.o(i.i2c_read_8bidx8bval)
    i2c_write_8bidx8bval                     0x0000747b   Thumb Code    62  mculib_i2c.o(i.i2c_write_8bidx8bval)
    key_service                              0x000074b9   Thumb Code   104  main.o(i.key_service)
    main                                     0x00007549   Thumb Code   176  main.o(i.main)
    mculib_Led_toggle                        0x0000761d   Thumb Code    12  mculib_peripheral.o(i.mculib_Led_toggle)
    mculib_chip_read_interrupt_pin           0x0000762d   Thumb Code    52  mculib_peripheral.o(i.mculib_chip_read_interrupt_pin)
    mculib_chip_reset                        0x00007665   Thumb Code    60  mculib_peripheral.o(i.mculib_chip_reset)
    mculib_clock_init                        0x000076a5   Thumb Code   304  mculib_gpio.o(i.mculib_clock_init)
    mculib_delay_ms                          0x000077e5   Thumb Code    40  mculib_timer.o(i.mculib_delay_ms)
    mculib_delay_us                          0x0000780d   Thumb Code    50  mculib_timer.o(i.mculib_delay_us)
    mculib_hdmi_rx_led_control               0x0000783f   Thumb Code     2  mculib_peripheral.o(i.mculib_hdmi_rx_led_control)
    mculib_hdmi_tx_led_control               0x00007841   Thumb Code    30  mculib_peripheral.o(i.mculib_hdmi_tx_led_control)
    mculib_i2c_burstread_16bidx8bval         0x0000785f   Thumb Code   114  mculib_i2c.o(i.mculib_i2c_burstread_16bidx8bval)
    mculib_i2c_burstread_8bidx8bval          0x000078d1   Thumb Code   100  mculib_i2c.o(i.mculib_i2c_burstread_8bidx8bval)
    mculib_i2c_burstread_8bidx8bval_ext      0x00007935   Thumb Code    92  mculib_i2c.o(i.mculib_i2c_burstread_8bidx8bval_ext)
    mculib_i2c_burstwrite_16bidx8bval        0x00007991   Thumb Code   100  mculib_i2c.o(i.mculib_i2c_burstwrite_16bidx8bval)
    mculib_i2c_init                          0x000079f5   Thumb Code    38  mculib_i2c.o(i.mculib_i2c_init)
    mculib_i2c_read_16bidx8bval              0x00007a21   Thumb Code    86  mculib_i2c.o(i.mculib_i2c_read_16bidx8bval)
    mculib_i2c_read_8bidx8bval               0x00007a77   Thumb Code    74  mculib_i2c.o(i.mculib_i2c_read_8bidx8bval)
    mculib_i2c_set_speed                     0x00007ac1   Thumb Code    54  mculib_i2c.o(i.mculib_i2c_set_speed)
    mculib_i2c_write_16bidx8bval             0x00007afd   Thumb Code    74  mculib_i2c.o(i.mculib_i2c_write_16bidx8bval)
    mculib_i2c_write_8bidx8bval              0x00007b47   Thumb Code    62  mculib_i2c.o(i.mculib_i2c_write_8bidx8bval)
    mculib_i2c_write_blank                   0x00007b85   Thumb Code    44  mculib_i2c.o(i.mculib_i2c_write_blank)
    mculib_iap_erase                         0x00007bb1   Thumb Code    36  mculib_iap.o(i.mculib_iap_erase)
    mculib_iap_read_byte                     0x00007bdd   Thumb Code     6  mculib_iap.o(i.mculib_iap_read_byte)
    mculib_iap_write                         0x00007be3   Thumb Code    30  mculib_iap.o(i.mculib_iap_write)
    mculib_iap_write_byte                    0x00007c01   Thumb Code    20  mculib_iap.o(i.mculib_iap_write_byte)
    mculib_key_detect                        0x00007c15   Thumb Code   216  mculib_key.o(i.mculib_key_detect)
    mculib_key_init                          0x00007d01   Thumb Code    36  mculib_key.o(i.mculib_key_init)
    mculib_led_init                          0x00007d29   Thumb Code    46  mculib_peripheral.o(i.mculib_led_init)
    mculib_timer_config_ms                   0x00007d5d   Thumb Code   140  mculib_timer.o(i.mculib_timer_config_ms)
    mculib_uart_init                         0x00007df9   Thumb Code   182  mculib_uart.o(i.mculib_uart_init)
    mculib_uart_log                          0x00007ec9   Thumb Code    18  mculib_uart.o(i.mculib_uart_log)
    mculib_uart_log1                         0x00007ee1   Thumb Code    32  mculib_uart.o(i.mculib_uart_log1)
    mculib_uart_log2                         0x00007f09   Thumb Code    26  mculib_uart.o(i.mculib_uart_log2)
    mculib_uart_print_char                   0x00007f29   Thumb Code    34  mculib_uart.o(i.mculib_uart_print_char)
    mculib_uart_print_dec                    0x00007f55   Thumb Code    94  mculib_uart.o(i.mculib_uart_print_dec)
    mculib_uart_print_hex                    0x00007fb3   Thumb Code    46  mculib_uart.o(i.mculib_uart_print_hex)
    mculib_uart_print_string                 0x00007fe1   Thumb Code    22  mculib_uart.o(i.mculib_uart_print_string)
    mculib_user_load                         0x00007ff9   Thumb Code   108  mculib_user_setting.o(i.mculib_user_load)
    mculib_user_save                         0x000080c1   Thumb Code    34  mculib_user_setting.o(i.mculib_user_save)
    ms933x_init                              0x000080e9   Thumb Code    88  main.o(i.ms933x_init)
    ms933x_interrupt_service                 0x00008189   Thumb Code    38  main.o(i.ms933x_interrupt_service)
    ms933x_media_service                     0x000081b1   Thumb Code    60  main.o(i.ms933x_media_service)
    ms9601_Media_Service                     0x000081f5   Thumb Code    36  hdmi.o(i.ms9601_Media_Service)
    ms9601_init                              0x0000821d   Thumb Code    60  hdmi.o(i.ms9601_init)
    muclib_gpio_init                         0x000082a9   Thumb Code    86  mculib_gpio.o(i.muclib_gpio_init)
    printf_input_audio_config                0x00008315   Thumb Code    66  main.o(i.printf_input_audio_config)
    printf_input_av_config                   0x000083d9   Thumb Code    70  main.o(i.printf_input_av_config)
    printf_input_timing                      0x00008445   Thumb Code   212  main.o(i.printf_input_timing)
    printf_input_vendor_specific_config      0x00008639   Thumb Code    64  main.o(i.printf_input_vendor_specific_config)
    printf_input_video_config                0x000086c9   Thumb Code    96  main.o(i.printf_input_video_config)
    sys_abs                                  0x000087f1   Thumb Code    14  hdmi.o(i.sys_abs)
    sys_audio_i2s_mclk_pad_ctrl_service      0x00008801   Thumb Code    68  main.o(i.sys_audio_i2s_mclk_pad_ctrl_service)
    sys_config_output                        0x0000885d   Thumb Code    78  main.o(i.sys_config_output)
    sys_default_hdmi_audio_config            0x000088b1   Thumb Code    24  main.o(i.sys_default_hdmi_audio_config)
    sys_default_hdmi_vendor_specific_config  0x000088cd   Thumb Code    16  main.o(i.sys_default_hdmi_vendor_specific_config)
    sys_default_hdmi_video_config            0x000088e1   Thumb Code    28  main.o(i.sys_default_hdmi_video_config)
    sys_edid_convert                         0x00008901   Thumb Code   898  main.o(i.sys_edid_convert)
    sys_error_service                        0x00008c8d   Thumb Code   266  main.o(i.sys_error_service)
    sys_error_service_enable                 0x00008e0d   Thumb Code    40  main.o(i.sys_error_service_enable)
    sys_hdmi_av_config                       0x00008e49   Thumb Code   190  main.o(i.sys_hdmi_av_config)
    sys_hdmi_gcp_packet_avmute_service       0x00008f25   Thumb Code    44  main.o(i.sys_hdmi_gcp_packet_avmute_service)
    sys_hdmi_rx_audio_config                 0x00008f61   Thumb Code   110  main.o(i.sys_hdmi_rx_audio_config)
    sys_hdmi_rx_audio_service                0x00009005   Thumb Code    92  main.o(i.sys_hdmi_rx_audio_service)
    sys_hdmi_rx_hdcp_service                 0x00009075   Thumb Code   102  main.o(i.sys_hdmi_rx_hdcp_service)
    sys_hdmi_rx_packet_service               0x0000910d   Thumb Code   132  main.o(i.sys_hdmi_rx_packet_service)
    sys_hdmi_rx_pll_service                  0x000091b5   Thumb Code   210  main.o(i.sys_hdmi_rx_pll_service)
    sys_hdmi_rx_tmds_overload_service        0x000092a5   Thumb Code     2  main.o(i.sys_hdmi_rx_tmds_overload_service)
    sys_hdmi_rx_video_fifo_reset             0x000092a7   Thumb Code    22  main.o(i.sys_hdmi_rx_video_fifo_reset)
    sys_hdmi_tx_hdcp_service                 0x000092bd   Thumb Code   114  main.o(i.sys_hdmi_tx_hdcp_service)
    sys_hotplug_init                         0x00009349   Thumb Code    60  main.o(i.sys_hotplug_init)
    sys_hotplug_service                      0x000093c1   Thumb Code    92  main.o(i.sys_hotplug_service)
    sys_led_init                             0x00009441   Thumb Code    44  main.o(i.sys_led_init)
    sys_led_process                          0x0000946d   Thumb Code   146  main.o(i.sys_led_process)
    sys_mdt_service                          0x00009509   Thumb Code   300  main.o(i.sys_mdt_service)
    sys_ms933x_chip_valid_check              0x00009681   Thumb Code    60  main.o(i.sys_ms933x_chip_valid_check)
    sys_shutdown_output                      0x000096dd   Thumb Code    42  main.o(i.sys_shutdown_output)
    system_init                              0x0000970d   Thumb Code    46  main.o(i.system_init)
    EQ_Address                               0x00009b94   Data          10  hdmi.o(.constdata)
    PARA_3_EQ_1080                           0x00009b9e   Data          10  hdmi.o(.constdata)
    PARA_3_EQ_4K                             0x00009ba8   Data          10  hdmi.o(.constdata)
    hot_code                                 0x00009bb2   Data           5  hdmi.o(.constdata)
    PARA_3_SEL                               0x00009bb7   Data           3  hdmi.o(.constdata)
    ptOffsetVal                              0x00009c34   Data          30  ms933x_drv_hdmi_rx.o(.constdata)
    Region$$Table$$Base                      0x00009c5c   Number         0  anon$$obj.o(Region$$Table)
    Region$$Table$$Limit                     0x00009c7c   Number         0  anon$$obj.o(Region$$Table)
    SystemCoreClock                          0x20000000   Data           4  system_hw32l003.o(.data)
    uwTick                                   0x20000004   Data           4  hw32l003_hal.o(.data)
    uwTickPrio                               0x20000008   Data           4  hw32l003_hal.o(.data)
    uwTickFreq                               0x2000000c   Data           1  hw32l003_hal.o(.data)
    g_u16_sys_timer                          0x20000028   Data           2  mculib_timer.o(.data)
    g_u16_key_timer                          0x2000002a   Data           2  mculib_timer.o(.data)
    g_u16_mute_timer                         0x2000002c   Data           2  mculib_timer.o(.data)
    g_u16_i2s_mclk_output_timer              0x2000002e   Data           2  mculib_timer.o(.data)
    g_u8_user_data                           0x2000005c   Data           1  mculib_user_setting.o(.data)
    g_b_hdmi_input_valid                     0x2000006e   Data           1  main.o(.data)
    g_u8_source_5v_connect                   0x2000006f   Data           1  main.o(.data)
    g_u8_sink_hpd_connect                    0x20000070   Data           4  main.o(.data)
    g_Output1Disable                         0x200000b8   Data           1  main.o(.data)
    g_LedTimer                               0x200000ba   Data           2  main.o(.data)
    first_up                                 0x200000bd   Data           1  hdmi.o(.data)
    g_sel_last                               0x200000be   Data           1  hdmi.o(.data)
    g_sel                                    0x200000bf   Data           1  hdmi.o(.data)
    g_pow                                    0x200000c0   Data           1  hdmi.o(.data)
    g_u8_input_clk                           0x200000c3   Data           1  hdmi.o(.data)
    u8OffsetNum                              0x200000c5   Data           1  ms933x_drv_hdmi_rx.o(.data)
    __stdout                                 0x200000c8   Data           4  stdout.o(.data)
    pFlash                                   0x200000d0   Data          32  hw32l003_hal_flash.o(.bss)
    sUartxHandle                             0x20000138   Data          52  mculib_uart.o(.bss)
    __initial_sp                             0x20000648   Data           0  startup_hw32l003.o(STACK)



==============================================================================

Memory Map of the image

  Image Entry point : 0x000000c1

  Load Region LR_IROM1 (Base: 0x00000000, Size: 0x00009d48, Max: 0x00010000, ABSOLUTE)

    Execution Region ER_IROM1 (Exec base: 0x00000000, Load base: 0x00000000, Size: 0x00009c7c, Max: 0x00010000, ABSOLUTE)

    Exec Addr    Load Addr    Size         Type   Attr      Idx    E Section Name        Object

    0x00000000   0x00000000   0x000000c0   Data   RO            3    RESET               startup_hw32l003.o
    0x000000c0   0x000000c0   0x00000000   Code   RO         1672  * .ARM.Collect$$$$00000000  mc_p.l(entry.o)
    0x000000c0   0x000000c0   0x00000004   Code   RO         1962    .ARM.Collect$$$$00000001  mc_p.l(entry2.o)
    0x000000c4   0x000000c4   0x00000004   Code   RO         1965    .ARM.Collect$$$$00000004  mc_p.l(entry5.o)
    0x000000c8   0x000000c8   0x00000000   Code   RO         1967    .ARM.Collect$$$$00000008  mc_p.l(entry7b.o)
    0x000000c8   0x000000c8   0x00000000   Code   RO         1969    .ARM.Collect$$$$0000000A  mc_p.l(entry8b.o)
    0x000000c8   0x000000c8   0x00000008   Code   RO         1970    .ARM.Collect$$$$0000000B  mc_p.l(entry9a.o)
    0x000000d0   0x000000d0   0x00000000   Code   RO         1972    .ARM.Collect$$$$0000000D  mc_p.l(entry10a.o)
    0x000000d0   0x000000d0   0x00000000   Code   RO         1974    .ARM.Collect$$$$0000000F  mc_p.l(entry11a.o)
    0x000000d0   0x000000d0   0x00000004   Code   RO         1963    .ARM.Collect$$$$00002712  mc_p.l(entry2.o)
    0x000000d4   0x000000d4   0x0000001c   Code   RO            4    .text               startup_hw32l003.o
    0x000000f0   0x000000f0   0x0000006a   Code   RO         1567    .text               ms933x_sdklib_keil_m0_vxxx_202xxxxx.lib(ms933x_drv_misc.o)
    0x0000015a   0x0000015a   0x00000002   PAD
    0x0000015c   0x0000015c   0x00001874   Code   RO         1614    .text               ms933x_sdklib_keil_m0_vxxx_202xxxxx.lib(ms933x_drv_hdmi_tx.o)
    0x000019d0   0x000019d0   0x00003148   Code   RO         1636    .text               ms933x_sdklib_keil_m0_vxxx_202xxxxx.lib(ms933x_drv_hdmi_rx.o)
    0x00004b18   0x00004b18   0x000001f8   Code   RO         1658    .text               ms933x_sdklib_keil_m0_vxxx_202xxxxx.lib(ms933x_mpi.o)
    0x00004d10   0x00004d10   0x0000002c   Code   RO         1675    .text               mc_p.l(uidiv.o)
    0x00004d3c   0x00004d3c   0x00000028   Code   RO         1677    .text               mc_p.l(idiv.o)
    0x00004d64   0x00004d64   0x00000022   Code   RO         1679    .text               mc_p.l(llushr.o)
    0x00004d86   0x00004d86   0x00000024   Code   RO         1681    .text               mc_p.l(memcpya.o)
    0x00004daa   0x00004daa   0x00000024   Code   RO         1683    .text               mc_p.l(memseta.o)
    0x00004dce   0x00004dce   0x0000001a   Code   RO         1685    .text               mc_p.l(memcmp.o)
    0x00004de8   0x00004de8   0x000000b2   Code   RO         1950    .text               mf_p.l(fadd.o)
    0x00004e9a   0x00004e9a   0x0000007a   Code   RO         1952    .text               mf_p.l(fmul.o)
    0x00004f14   0x00004f14   0x0000007c   Code   RO         1954    .text               mf_p.l(fdiv.o)
    0x00004f90   0x00004f90   0x00000016   Code   RO         1956    .text               mf_p.l(fflti.o)
    0x00004fa6   0x00004fa6   0x0000000e   Code   RO         1958    .text               mf_p.l(ffltui.o)
    0x00004fb4   0x00004fb4   0x00000028   Code   RO         1960    .text               mf_p.l(ffixui.o)
    0x00004fdc   0x00004fdc   0x00000060   Code   RO         1979    .text               mc_p.l(uldiv.o)
    0x0000503c   0x0000503c   0x00000000   Code   RO         1981    .text               mc_p.l(iusefp.o)
    0x0000503c   0x0000503c   0x00000082   Code   RO         1982    .text               mf_p.l(fepilogue.o)
    0x000050be   0x000050be   0x00000002   PAD
    0x000050c0   0x000050c0   0x00000024   Code   RO         1994    .text               mc_p.l(init.o)
    0x000050e4   0x000050e4   0x00000000   Code   RO         1996    .text               mc_p.l(semi.o)
    0x000050e4   0x000050e4   0x00000020   Code   RO         1997    .text               mc_p.l(llshl.o)
    0x00005104   0x00005104   0x00000000   Code   RO         2001    .text               mc_p.l(iusesemip.o)
    0x00005104   0x00005104   0x0000004c   Code   RO          922    i.Error_Handler     mculib_iap.o
    0x00005150   0x00005150   0x00000050   Code   RO          233    i.FLASH_MassErase   hw32l003_hal_flash.o
    0x000051a0   0x000051a0   0x0000004c   Code   RO          234    i.FLASH_PageErase   hw32l003_hal_flash.o
    0x000051ec   0x000051ec   0x00000044   Code   RO          235    i.FLASH_Program_Byte  hw32l003_hal_flash.o
    0x00005230   0x00005230   0x00000038   Code   RO          237    i.FLASH_WaitForLastOperation  hw32l003_hal_flash.o
    0x00005268   0x00005268   0x00000108   Code   RO          238    i.HAL_FLASH_Erase   hw32l003_hal_flash.o
    0x00005370   0x00005370   0x000000d0   Code   RO          241    i.HAL_FLASH_OPERATION_Lock  hw32l003_hal_flash.o
    0x00005440   0x00005440   0x000000d0   Code   RO          242    i.HAL_FLASH_OPERATION_Unlock  hw32l003_hal_flash.o
    0x00005510   0x00005510   0x000000f4   Code   RO          244    i.HAL_FLASH_Program  hw32l003_hal_flash.o
    0x00005604   0x00005604   0x0000021a   Code   RO           94    i.HAL_GPIO_Init     hw32l003_hal_gpio.o
    0x0000581e   0x0000581e   0x00000012   Code   RO           95    i.HAL_GPIO_ReadPin  hw32l003_hal_gpio.o
    0x00005830   0x00005830   0x00000008   Code   RO           96    i.HAL_GPIO_TogglePin  hw32l003_hal_gpio.o
    0x00005838   0x00005838   0x0000000c   Code   RO           97    i.HAL_GPIO_WritePin  hw32l003_hal_gpio.o
    0x00005844   0x00005844   0x0000000c   Code   RO          323    i.HAL_GetTick       hw32l003_hal.o
    0x00005850   0x00005850   0x00000018   Code   RO          327    i.HAL_IncTick       hw32l003_hal.o
    0x00005868   0x00005868   0x00000010   Code   RO          328    i.HAL_Init          hw32l003_hal.o
    0x00005878   0x00005878   0x0000007c   Code   RO          329    i.HAL_InitTick      hw32l003_hal.o
    0x000058f4   0x000058f4   0x00000002   Code   RO          331    i.HAL_MspInit       hw32l003_hal.o
    0x000058f6   0x000058f6   0x00000002   Code   RO          155    i.HAL_UART_ErrorCallback  hw32l003_hal_uart.o
    0x000058f8   0x000058f8   0x00000096   Code   RO          156    i.HAL_UART_IRQHandler  hw32l003_hal_uart.o
    0x0000598e   0x0000598e   0x00000038   Code   RO          157    i.HAL_UART_Init     hw32l003_hal_uart.o
    0x000059c6   0x000059c6   0x0000005c   Code   RO          158    i.HAL_UART_Receive_IT  hw32l003_hal_uart.o
    0x00005a22   0x00005a22   0x00000002   PAD
    0x00005a24   0x00005a24   0x00000144   Code   RO          524    i.HAL_UART_RxCpltCallback  mculib_uart.o
    0x00005b68   0x00005b68   0x00000124   Code   RO          160    i.HAL_UART_Transmit  hw32l003_hal_uart.o
    0x00005c8c   0x00005c8c   0x00000002   Code   RO          161    i.HAL_UART_TxCpltCallback  hw32l003_hal_uart.o
    0x00005c8e   0x00005c8e   0x00000002   PAD
    0x00005c90   0x00005c90   0x00000058   Code   RO         1456    i.HDMI_InPut_Switch  hdmi.o
    0x00005ce8   0x00005ce8   0x0000000e   Code   RO         1457    i.MS9601A_Read      hdmi.o
    0x00005cf6   0x00005cf6   0x00000012   Code   RO         1458    i.MS9601A_Write     hdmi.o
    0x00005d08   0x00005d08   0x00000014   Code   RO          525    i.NVIC_EnableIRQ    mculib_uart.o
    0x00005d1c   0x00005d1c   0x00000078   Code   RO          335    i.NVIC_SetPriority  hw32l003_hal.o
    0x00005d94   0x00005d94   0x00000008   Code   RO          448    i.SysTick_Handler   mculib_gpio.o
    0x00005d9c   0x00005d9c   0x00000040   Code   RO           13    i.SystemInit        system_hw32l003.o
    0x00005ddc   0x00005ddc   0x00000070   Code   RO          648    i.TIM11_IRQHandler  mculib_timer.o
    0x00005e4c   0x00005e4c   0x00000010   Code   RO          526    i.UART1_IRQHandler  mculib_uart.o
    0x00005e5c   0x00005e5c   0x000000fc   Code   RO          162    i.UART_Receive_IT   hw32l003_hal_uart.o
    0x00005f58   0x00005f58   0x00000048   Code   RO          163    i.UART_SetConfig    hw32l003_hal_uart.o
    0x00005fa0   0x00005fa0   0x000000b0   Code   RO          164    i.UART_Transmit_IT  hw32l003_hal_uart.o
    0x00006050   0x00006050   0x00000062   Code   RO          165    i.UART_WaitOnFlagUntilTimeout  hw32l003_hal_uart.o
    0x000060b2   0x000060b2   0x00000002   PAD
    0x000060b4   0x000060b4   0x00000020   Code   RO         1822    i.__0printf$5       mc_p.l(printf5.o)
    0x000060d4   0x000060d4   0x0000001c   Code   RO          638    i.__ARM_common_switch8  mculib_uart.o
    0x000060f0   0x000060f0   0x0000000e   Code   RO         2008    i.__scatterload_copy  mc_p.l(handlers.o)
    0x000060fe   0x000060fe   0x00000002   Code   RO         2009    i.__scatterload_null  mc_p.l(handlers.o)
    0x00006100   0x00006100   0x0000000e   Code   RO         2010    i.__scatterload_zeroinit  mc_p.l(handlers.o)
    0x0000610e   0x0000610e   0x0000000e   Code   RO         1006    i._abs              main.o
    0x0000611c   0x0000611c   0x00000034   Code   RO         1007    i._check_hdmi_sink  main.o
    0x00006150   0x00006150   0x00000034   Code   RO         1008    i._check_hdmi_sink_exist  main.o
    0x00006184   0x00006184   0x00000014   Code   RO          528    i._clean            mculib_uart.o
    0x00006198   0x00006198   0x00000090   Code   RO         1009    i._config_output    main.o
    0x00006228   0x00006228   0x00000018   Code   RO         1010    i._config_output_audio  main.o
    0x00006240   0x00006240   0x00000014   Code   RO         1012    i._config_output_avmute  main.o
    0x00006254   0x00006254   0x0000004c   Code   RO         1013    i._convert_to_rgb_judge  main.o
    0x000062a0   0x000062a0   0x00000060   Code   RO         1014    i._csc_process      main.o
    0x00006300   0x00006300   0x00000002   Code   RO         1015    i._edid_file_save   main.o
    0x00006302   0x00006302   0x00000080   Code   RO         1016    i._get_infoframe_status  main.o
    0x00006382   0x00006382   0x00000070   Code   RO         1018    i._hdmi_rx_phy_config  main.o
    0x000063f2   0x000063f2   0x00000002   PAD
    0x000063f4   0x000063f4   0x00000050   Code   RO         1019    i._hdmi_tx_edid_param_default  main.o
    0x00006444   0x00006444   0x0000000c   Code   RO         1020    i._hdmi_tx_gcp_avmute_param_default  main.o
    0x00006450   0x00006450   0x00000028   Code   RO         1021    i._hdmi_tx_hdcp_param_default  main.o
    0x00006478   0x00006478   0x000000b8   Code   RO         1022    i._hdmi_tx_hdcp_service  main.o
    0x00006530   0x00006530   0x0000003c   Code   RO         1023    i._hdmi_tx_hdcp_start  main.o
    0x0000656c   0x0000656c   0x00000050   Code   RO         1024    i._hdmi_tx_shell_error_service  main.o
    0x000065bc   0x000065bc   0x000001b0   Code   RO         1025    i._hotplug_process  main.o
    0x0000676c   0x0000676c   0x000002d4   Code   RO         1026    i._hotplug_service  main.o
    0x00006a40   0x00006a40   0x000000ac   Code   RO          797    i._i2c_read_byte    mculib_i2c.o
    0x00006aec   0x00006aec   0x00000044   Code   RO          798    i._i2c_start        mculib_i2c.o
    0x00006b30   0x00006b30   0x00000044   Code   RO          799    i._i2c_stop         mculib_i2c.o
    0x00006b74   0x00006b74   0x000000d8   Code   RO          800    i._i2c_write_byte   mculib_i2c.o
    0x00006c4c   0x00006c4c   0x0000010c   Code   RO         1028    i._param_default    main.o
    0x00006d58   0x00006d58   0x000002dc   Code   RO         1829    i._printf_core      mc_p.l(printf5.o)
    0x00007034   0x00007034   0x00000074   Code   RO         1029    i._rxpll_errdet_wrong_status  main.o
    0x000070a8   0x000070a8   0x0000001e   Code   RO          530    i._send_ascii       mculib_uart.o
    0x000070c6   0x000070c6   0x00000022   Code   RO         1030    i._shutdown_output  main.o
    0x000070e8   0x000070e8   0x00000078   Code   RO         1031    i._tx_edid_read_again  main.o
    0x00007160   0x00007160   0x00000012   Code   RO         1976    i.fputc             mc_p.l(fputc.o)
    0x00007172   0x00007172   0x00000002   PAD
    0x00007174   0x00007174   0x000000d8   Code   RO         1459    i.hdmi_clk_det      hdmi.o
    0x0000724c   0x0000724c   0x0000005c   Code   RO         1460    i.hdmi_eq_update    hdmi.o
    0x000072a8   0x000072a8   0x0000000c   Code   RO         1461    i.hdmi_ldo_off      hdmi.o
    0x000072b4   0x000072b4   0x0000005c   Code   RO         1462    i.hdmi_logic_next   hdmi.o
    0x00007310   0x00007310   0x0000002c   Code   RO         1463    i.hdmi_logic_sel    hdmi.o
    0x0000733c   0x0000733c   0x000000f4   Code   RO         1464    i.hdmi_pow_logic    hdmi.o
    0x00007430   0x00007430   0x0000004a   Code   RO          801    i.i2c_read_8bidx8bval  mculib_i2c.o
    0x0000747a   0x0000747a   0x0000003e   Code   RO          802    i.i2c_write_8bidx8bval  mculib_i2c.o
    0x000074b8   0x000074b8   0x00000090   Code   RO         1032    i.key_service       main.o
    0x00007548   0x00007548   0x000000d4   Code   RO         1033    i.main              main.o
    0x0000761c   0x0000761c   0x00000010   Code   RO          726    i.mculib_Led_toggle  mculib_peripheral.o
    0x0000762c   0x0000762c   0x00000038   Code   RO          728    i.mculib_chip_read_interrupt_pin  mculib_peripheral.o
    0x00007664   0x00007664   0x00000040   Code   RO          729    i.mculib_chip_reset  mculib_peripheral.o
    0x000076a4   0x000076a4   0x00000140   Code   RO          449    i.mculib_clock_init  mculib_gpio.o
    0x000077e4   0x000077e4   0x00000028   Code   RO          649    i.mculib_delay_ms   mculib_timer.o
    0x0000780c   0x0000780c   0x00000032   Code   RO          650    i.mculib_delay_us   mculib_timer.o
    0x0000783e   0x0000783e   0x00000002   Code   RO          731    i.mculib_hdmi_rx_led_control  mculib_peripheral.o
    0x00007840   0x00007840   0x0000001e   Code   RO          732    i.mculib_hdmi_tx_led_control  mculib_peripheral.o
    0x0000785e   0x0000785e   0x00000072   Code   RO          803    i.mculib_i2c_burstread_16bidx8bval  mculib_i2c.o
    0x000078d0   0x000078d0   0x00000064   Code   RO          804    i.mculib_i2c_burstread_8bidx8bval  mculib_i2c.o
    0x00007934   0x00007934   0x0000005c   Code   RO          805    i.mculib_i2c_burstread_8bidx8bval_ext  mculib_i2c.o
    0x00007990   0x00007990   0x00000064   Code   RO          806    i.mculib_i2c_burstwrite_16bidx8bval  mculib_i2c.o
    0x000079f4   0x000079f4   0x0000002c   Code   RO          808    i.mculib_i2c_init   mculib_i2c.o
    0x00007a20   0x00007a20   0x00000056   Code   RO          809    i.mculib_i2c_read_16bidx8bval  mculib_i2c.o
    0x00007a76   0x00007a76   0x0000004a   Code   RO          810    i.mculib_i2c_read_8bidx8bval  mculib_i2c.o
    0x00007ac0   0x00007ac0   0x0000003c   Code   RO          811    i.mculib_i2c_set_speed  mculib_i2c.o
    0x00007afc   0x00007afc   0x0000004a   Code   RO          812    i.mculib_i2c_write_16bidx8bval  mculib_i2c.o
    0x00007b46   0x00007b46   0x0000003e   Code   RO          813    i.mculib_i2c_write_8bidx8bval  mculib_i2c.o
    0x00007b84   0x00007b84   0x0000002c   Code   RO          814    i.mculib_i2c_write_blank  mculib_i2c.o
    0x00007bb0   0x00007bb0   0x0000002c   Code   RO          923    i.mculib_iap_erase  mculib_iap.o
    0x00007bdc   0x00007bdc   0x00000006   Code   RO          925    i.mculib_iap_read_byte  mculib_iap.o
    0x00007be2   0x00007be2   0x0000001e   Code   RO          926    i.mculib_iap_write  mculib_iap.o
    0x00007c00   0x00007c00   0x00000014   Code   RO          927    i.mculib_iap_write_byte  mculib_iap.o
    0x00007c14   0x00007c14   0x000000ec   Code   RO          697    i.mculib_key_detect  mculib_key.o
    0x00007d00   0x00007d00   0x00000028   Code   RO          698    i.mculib_key_init   mculib_key.o
    0x00007d28   0x00007d28   0x00000034   Code   RO          734    i.mculib_led_init   mculib_peripheral.o
    0x00007d5c   0x00007d5c   0x0000009c   Code   RO          651    i.mculib_timer_config_ms  mculib_timer.o
    0x00007df8   0x00007df8   0x000000d0   Code   RO          532    i.mculib_uart_init  mculib_uart.o
    0x00007ec8   0x00007ec8   0x00000018   Code   RO          533    i.mculib_uart_log   mculib_uart.o
    0x00007ee0   0x00007ee0   0x00000028   Code   RO          534    i.mculib_uart_log1  mculib_uart.o
    0x00007f08   0x00007f08   0x00000020   Code   RO          535    i.mculib_uart_log2  mculib_uart.o
    0x00007f28   0x00007f28   0x0000002c   Code   RO          536    i.mculib_uart_print_char  mculib_uart.o
    0x00007f54   0x00007f54   0x0000005e   Code   RO          537    i.mculib_uart_print_dec  mculib_uart.o
    0x00007fb2   0x00007fb2   0x0000002e   Code   RO          538    i.mculib_uart_print_hex  mculib_uart.o
    0x00007fe0   0x00007fe0   0x00000016   Code   RO          539    i.mculib_uart_print_string  mculib_uart.o
    0x00007ff6   0x00007ff6   0x00000002   PAD
    0x00007ff8   0x00007ff8   0x000000c8   Code   RO          975    i.mculib_user_load  mculib_user_setting.o
    0x000080c0   0x000080c0   0x00000028   Code   RO          976    i.mculib_user_save  mculib_user_setting.o
    0x000080e8   0x000080e8   0x000000a0   Code   RO         1034    i.ms933x_init       main.o
    0x00008188   0x00008188   0x00000026   Code   RO         1035    i.ms933x_interrupt_service  main.o
    0x000081ae   0x000081ae   0x00000002   PAD
    0x000081b0   0x000081b0   0x00000044   Code   RO         1036    i.ms933x_media_service  main.o
    0x000081f4   0x000081f4   0x00000028   Code   RO         1465    i.ms9601_Media_Service  hdmi.o
    0x0000821c   0x0000821c   0x0000008c   Code   RO         1466    i.ms9601_init       hdmi.o
    0x000082a8   0x000082a8   0x0000006c   Code   RO          450    i.muclib_gpio_init  mculib_gpio.o
    0x00008314   0x00008314   0x000000c4   Code   RO         1038    i.printf_input_audio_config  main.o
    0x000083d8   0x000083d8   0x0000006c   Code   RO         1039    i.printf_input_av_config  main.o
    0x00008444   0x00008444   0x000001f4   Code   RO         1040    i.printf_input_timing  main.o
    0x00008638   0x00008638   0x00000090   Code   RO         1041    i.printf_input_vendor_specific_config  main.o
    0x000086c8   0x000086c8   0x00000128   Code   RO         1042    i.printf_input_video_config  main.o
    0x000087f0   0x000087f0   0x0000000e   Code   RO         1467    i.sys_abs           hdmi.o
    0x000087fe   0x000087fe   0x00000002   PAD
    0x00008800   0x00008800   0x0000005c   Code   RO         1043    i.sys_audio_i2s_mclk_pad_ctrl_service  main.o
    0x0000885c   0x0000885c   0x00000054   Code   RO         1044    i.sys_config_output  main.o
    0x000088b0   0x000088b0   0x0000001c   Code   RO         1045    i.sys_default_hdmi_audio_config  main.o
    0x000088cc   0x000088cc   0x00000014   Code   RO         1046    i.sys_default_hdmi_vendor_specific_config  main.o
    0x000088e0   0x000088e0   0x00000020   Code   RO         1047    i.sys_default_hdmi_video_config  main.o
    0x00008900   0x00008900   0x0000038c   Code   RO         1048    i.sys_edid_convert  main.o
    0x00008c8c   0x00008c8c   0x00000180   Code   RO         1049    i.sys_error_service  main.o
    0x00008e0c   0x00008e0c   0x0000003c   Code   RO         1050    i.sys_error_service_enable  main.o
    0x00008e48   0x00008e48   0x000000dc   Code   RO         1051    i.sys_hdmi_av_config  main.o
    0x00008f24   0x00008f24   0x0000003c   Code   RO         1052    i.sys_hdmi_gcp_packet_avmute_service  main.o
    0x00008f60   0x00008f60   0x000000a4   Code   RO         1053    i.sys_hdmi_rx_audio_config  main.o
    0x00009004   0x00009004   0x00000070   Code   RO         1054    i.sys_hdmi_rx_audio_service  main.o
    0x00009074   0x00009074   0x00000098   Code   RO         1055    i.sys_hdmi_rx_hdcp_service  main.o
    0x0000910c   0x0000910c   0x000000a8   Code   RO         1056    i.sys_hdmi_rx_packet_service  main.o
    0x000091b4   0x000091b4   0x000000f0   Code   RO         1057    i.sys_hdmi_rx_pll_service  main.o
    0x000092a4   0x000092a4   0x00000002   Code   RO         1058    i.sys_hdmi_rx_tmds_overload_service  main.o
    0x000092a6   0x000092a6   0x00000016   Code   RO         1059    i.sys_hdmi_rx_video_fifo_reset  main.o
    0x000092bc   0x000092bc   0x0000008c   Code   RO         1060    i.sys_hdmi_tx_hdcp_service  main.o
    0x00009348   0x00009348   0x00000078   Code   RO         1061    i.sys_hotplug_init  main.o
    0x000093c0   0x000093c0   0x00000080   Code   RO         1062    i.sys_hotplug_service  main.o
    0x00009440   0x00009440   0x0000002c   Code   RO         1063    i.sys_led_init      main.o
    0x0000946c   0x0000946c   0x0000009c   Code   RO         1064    i.sys_led_process   main.o
    0x00009508   0x00009508   0x00000178   Code   RO         1065    i.sys_mdt_service   main.o
    0x00009680   0x00009680   0x0000005c   Code   RO         1066    i.sys_ms933x_chip_valid_check  main.o
    0x000096dc   0x000096dc   0x00000030   Code   RO         1067    i.sys_shutdown_output  main.o
    0x0000970c   0x0000970c   0x0000003c   Code   RO         1068    i.system_init       main.o
    0x00009748   0x00009748   0x00000100   Data   RO          166    .constdata          hw32l003_hal_uart.o
    0x00009848   0x00009848   0x0000034c   Data   RO         1070    .constdata          main.o
    0x00009b94   0x00009b94   0x00000026   Data   RO         1468    .constdata          hdmi.o
    0x00009bba   0x00009bba   0x00000008   Data   RO         1616    .constdata          ms933x_sdklib_keil_m0_vxxx_202xxxxx.lib(ms933x_drv_hdmi_tx.o)
    0x00009bc2   0x00009bc2   0x00000002   PAD
    0x00009bc4   0x00009bc4   0x00000096   Data   RO         1637    .constdata          ms933x_sdklib_keil_m0_vxxx_202xxxxx.lib(ms933x_drv_hdmi_rx.o)
    0x00009c5a   0x00009c5a   0x00000002   PAD
    0x00009c5c   0x00009c5c   0x00000020   Data   RO         2006    Region$$Table       anon$$obj.o


    Execution Region RW_IRAM1 (Exec base: 0x20000000, Load base: 0x00009c7c, Size: 0x00000648, Max: 0x00001000, ABSOLUTE)

    Exec Addr    Load Addr    Size         Type   Attr      Idx    E Section Name        Object

    0x20000000   0x00009c7c   0x00000004   Data   RW           14    .data               system_hw32l003.o
    0x20000004   0x00009c80   0x00000009   Data   RW          336    .data               hw32l003_hal.o
    0x2000000d   0x00009c89   0x00000003   PAD
    0x20000010   0x00009c8c   0x0000000f   Data   RW          542    .data               mculib_uart.o
    0x2000001f   0x00009c9b   0x00000001   PAD
    0x20000020   0x00009c9c   0x00000010   Data   RW          653    .data               mculib_timer.o
    0x20000030   0x00009cac   0x0000000d   Data   RW          700    .data               mculib_key.o
    0x2000003d   0x00009cb9   0x00000003   PAD
    0x20000040   0x00009cbc   0x00000009   Data   RW          816    .data               mculib_i2c.o
    0x20000049   0x00009cc5   0x00000003   PAD
    0x2000004c   0x00009cc8   0x00000008   Data   RW          929    .data               mculib_iap.o
    0x20000054   0x00009cd0   0x00000009   Data   RW          978    .data               mculib_user_setting.o
    0x2000005d   0x00009cd9   0x00000003   PAD
    0x20000060   0x00009cdc   0x0000005d   Data   RW         1071    .data               main.o
    0x200000bd   0x00009d39   0x00000007   Data   RW         1469    .data               hdmi.o
    0x200000c4   0x00009d40   0x00000001   Data   RW         1617    .data               ms933x_sdklib_keil_m0_vxxx_202xxxxx.lib(ms933x_drv_hdmi_tx.o)
    0x200000c5   0x00009d41   0x00000001   Data   RW         1638    .data               ms933x_sdklib_keil_m0_vxxx_202xxxxx.lib(ms933x_drv_hdmi_rx.o)
    0x200000c6   0x00009d42   0x00000001   Data   RW         1659    .data               ms933x_sdklib_keil_m0_vxxx_202xxxxx.lib(ms933x_mpi.o)
    0x200000c7   0x00009d43   0x00000001   PAD
    0x200000c8   0x00009d44   0x00000004   Data   RW         1978    .data               mc_p.l(stdout.o)
    0x200000cc   0x00009d48   0x00000004   PAD
    0x200000d0        -       0x00000020   Zero   RW          245    .bss                hw32l003_hal_flash.o
    0x200000f0        -       0x0000007c   Zero   RW          541    .bss                mculib_uart.o
    0x2000016c        -       0x0000000c   Zero   RW          928    .bss                mculib_iap.o
    0x20000178        -       0x000002ac   Zero   RW         1069    .bss                main.o
    0x20000424        -       0x00000020   Zero   RW         1615    .bss                ms933x_sdklib_keil_m0_vxxx_202xxxxx.lib(ms933x_drv_hdmi_tx.o)
    0x20000444   0x00009d48   0x00000004   PAD
    0x20000448        -       0x00000200   Zero   RW            1    STACK               startup_hw32l003.o


==============================================================================

Image component sizes


      Code (inc. data)   RO Data    RW Data    ZI Data      Debug   Object Name

      1014        230         38          7          0       9214   hdmi.o
       298         44          0          9          0      14219   hw32l003_hal.o
      1204        132          0          0         32       6992   hw32l003_hal_flash.o
       576          0          0          0          0       3412   hw32l003_hal_gpio.o
      1192         22        256          0          0       8215   hw32l003_hal_uart.o
      8648       2172        844         93        684      51530   main.o
       436         38          0          0          0       3341   mculib_gpio.o
      1510         50          0          9          0      13602   mculib_i2c.o
       176         58          0          8         12       3653   mculib_iap.o
       276         24          0         13          0       1710   mculib_key.o
       220         18          0          0          0       3625   mculib_peripheral.o
       358         40          0         16          0      10087   mculib_timer.o
       948        116          0         15        124      16370   mculib_uart.o
       240         98          0          9          0       1627   mculib_user_setting.o
        28          8        192          0        512        756   startup_hw32l003.o
        64         16          0          4          0     140419   system_hw32l003.o

    ----------------------------------------------------------------------
     17202       3066       1362        196       1364     288772   Object Totals
         0          0         32          0          0          0   (incl. Generated)
        14          0          0         13          0          0   (incl. Padding)

    ----------------------------------------------------------------------

      Code (inc. data)   RO Data    RW Data    ZI Data      Debug   Library Member Name

         0          0          0          0          0          0   entry.o
         0          0          0          0          0          0   entry10a.o
         0          0          0          0          0          0   entry11a.o
         8          4          0          0          0          0   entry2.o
         4          0          0          0          0          0   entry5.o
         0          0          0          0          0          0   entry7b.o
         0          0          0          0          0          0   entry8b.o
         8          4          0          0          0          0   entry9a.o
        18          0          0          0          0         72   fputc.o
        30          0          0          0          0          0   handlers.o
        40          0          0          0          0         72   idiv.o
        36          8          0          0          0         68   init.o
         0          0          0          0          0          0   iusefp.o
         0          0          0          0          0          0   iusesemip.o
        32          0          0          0          0         68   llshl.o
        34          0          0          0          0         68   llushr.o
        26          0          0          0          0         72   memcmp.o
        36          0          0          0          0         60   memcpya.o
        36          0          0          0          0        100   memseta.o
       764         52          0          0          0        168   printf5.o
         0          0          0          0          0          0   semi.o
         0          0          0          4          0          0   stdout.o
        44          0          0          0          0         72   uidiv.o
        96          0          0          0          0         84   uldiv.o
       178          0          0          0          0        108   fadd.o
       124          0          0          0          0         72   fdiv.o
       130          0          0          0          0        144   fepilogue.o
        40          0          0          0          0         60   ffixui.o
        22          0          0          0          0         68   fflti.o
        14          0          0          0          0         68   ffltui.o
       122          0          0          0          0         72   fmul.o
     12616        268        150          1          0      56780   ms933x_drv_hdmi_rx.o
      6260         78          8          1         32      24429   ms933x_drv_hdmi_tx.o
       106          0          0          0          0      10419   ms933x_drv_misc.o
       504          4          0          1          0       4975   ms933x_mpi.o

    ----------------------------------------------------------------------
     21334        418        162          8         40      98099   Library Totals
         6          0          4          1          8          0   (incl. Padding)

    ----------------------------------------------------------------------

      Code (inc. data)   RO Data    RW Data    ZI Data      Debug   Library Name

      1212         68          0          4          0        904   mc_p.l
       630          0          0          0          0        592   mf_p.l
     19486        350        158          3         32      96603   ms933x_sdklib_keil_m0_vxxx_202xxxxx.lib

    ----------------------------------------------------------------------
     21334        418        162          8         40      98099   Library Totals

    ----------------------------------------------------------------------

==============================================================================


      Code (inc. data)   RO Data    RW Data    ZI Data      Debug   

     38536       3484       1524        204       1404     379455   Grand Totals
     38536       3484       1524        204       1404     379455   ELF Image Totals
     38536       3484       1524        204          0          0   ROM Totals

==============================================================================

    Total RO  Size (Code + RO Data)                40060 (  39.12kB)
    Total RW  Size (RW Data + ZI Data)              1608 (   1.57kB)
    Total ROM Size (Code + RO Data + RW Data)      40264 (  39.32kB)

==============================================================================

